// Jest Snapshot v1, https://goo.gl/fbAQLP

exports[`LeagueClassification component must render properly 1`] = `
ShallowWrapper {
  "length": 1,
  Symbol(enzyme.__root__): [Circular],
  Symbol(enzyme.__unrendered__): <Standing
    getStandings={[MockFunction]}
    onTeamSelect={[MockFunction]}
    standings={
      Array [
        Object {
          "difference": "+8",
          "draw": 5,
          "goal": 7,
          "id": 1,
          "lost": 6,
          "name": "sample",
          "played": 3,
          "points": 9,
          "position": 1,
          "won": 4,
        },
        Object {
          "difference": "+80",
          "draw": 50,
          "goal": 70,
          "id": 10,
          "lost": 60,
          "name": "sample2",
          "played": 30,
          "points": 90,
          "position": 10,
          "won": 40,
        },
      ]
    }
  />,
  Symbol(enzyme.__renderer__): Object {
    "batchedUpdates": [Function],
    "getNode": [Function],
    "render": [Function],
    "simulateEvent": [Function],
    "unmount": [Function],
  },
  Symbol(enzyme.__node__): Object {
    "instance": null,
    "key": undefined,
    "nodeType": "host",
    "props": Object {
      "children": <WithStyles(Table)>
        <TableHead
          component="thead"
        >
          <WithStyles(TableRow)>
            <WithStyles(TableCell)
              padding="none"
            >
              <WithStyles(TableSortLabel)
                active={true}
                direction="asc"
                onClick={[Function]}
              >
                Position
              </WithStyles(TableSortLabel)>
            </WithStyles(TableCell)>
            <WithStyles(TableCell)
              padding="none"
            >
              <WithStyles(TableSortLabel)
                active={false}
                direction="asc"
                onClick={[Function]}
              >
                Team name
              </WithStyles(TableSortLabel)>
            </WithStyles(TableCell)>
            <WithStyles(TableCell)
              padding="none"
            >
              <WithStyles(TableSortLabel)
                active={false}
                direction="asc"
                onClick={[Function]}
              >
                Played
              </WithStyles(TableSortLabel)>
            </WithStyles(TableCell)>
            <WithStyles(TableCell)
              padding="none"
            >
              <WithStyles(TableSortLabel)
                active={false}
                direction="asc"
                onClick={[Function]}
              >
                Won
              </WithStyles(TableSortLabel)>
            </WithStyles(TableCell)>
            <WithStyles(TableCell)
              padding="none"
            >
              <WithStyles(TableSortLabel)
                active={false}
                direction="asc"
                onClick={[Function]}
              >
                Drawn
              </WithStyles(TableSortLabel)>
            </WithStyles(TableCell)>
            <WithStyles(TableCell)
              padding="none"
            >
              <WithStyles(TableSortLabel)
                active={false}
                direction="asc"
                onClick={[Function]}
              >
                Lost
              </WithStyles(TableSortLabel)>
            </WithStyles(TableCell)>
            <WithStyles(TableCell)
              padding="none"
            >
              <WithStyles(TableSortLabel)
                active={false}
                direction="asc"
                onClick={[Function]}
              >
                Goal
              </WithStyles(TableSortLabel)>
            </WithStyles(TableCell)>
            <WithStyles(TableCell)
              padding="none"
            >
              <WithStyles(TableSortLabel)
                active={false}
                direction="asc"
                onClick={[Function]}
              >
                Difference
              </WithStyles(TableSortLabel)>
            </WithStyles(TableCell)>
            <WithStyles(TableCell)
              padding="none"
            >
              <WithStyles(TableSortLabel)
                active={false}
                direction="asc"
                onClick={[Function]}
              >
                Points
              </WithStyles(TableSortLabel)>
            </WithStyles(TableCell)>
          </WithStyles(TableRow)>
        </TableHead>
        <TableBody
          component="tbody"
        >
          <WithStyles(TableRow)>
            <WithStyles(TableCell)
              colSpan="9"
              style={
                Object {
                  "textAlign": "center",
                }
              }
            >
              No results
            </WithStyles(TableCell)>
          </WithStyles(TableRow)>
        </TableBody>
      </WithStyles(Table)>,
    },
    "ref": null,
    "rendered": Object {
      "instance": null,
      "key": undefined,
      "nodeType": "class",
      "props": Object {
        "children": Array [
          <TableHead
            component="thead"
          >
            <WithStyles(TableRow)>
              <WithStyles(TableCell)
                padding="none"
              >
                <WithStyles(TableSortLabel)
                  active={true}
                  direction="asc"
                  onClick={[Function]}
                >
                  Position
                </WithStyles(TableSortLabel)>
              </WithStyles(TableCell)>
              <WithStyles(TableCell)
                padding="none"
              >
                <WithStyles(TableSortLabel)
                  active={false}
                  direction="asc"
                  onClick={[Function]}
                >
                  Team name
                </WithStyles(TableSortLabel)>
              </WithStyles(TableCell)>
              <WithStyles(TableCell)
                padding="none"
              >
                <WithStyles(TableSortLabel)
                  active={false}
                  direction="asc"
                  onClick={[Function]}
                >
                  Played
                </WithStyles(TableSortLabel)>
              </WithStyles(TableCell)>
              <WithStyles(TableCell)
                padding="none"
              >
                <WithStyles(TableSortLabel)
                  active={false}
                  direction="asc"
                  onClick={[Function]}
                >
                  Won
                </WithStyles(TableSortLabel)>
              </WithStyles(TableCell)>
              <WithStyles(TableCell)
                padding="none"
              >
                <WithStyles(TableSortLabel)
                  active={false}
                  direction="asc"
                  onClick={[Function]}
                >
                  Drawn
                </WithStyles(TableSortLabel)>
              </WithStyles(TableCell)>
              <WithStyles(TableCell)
                padding="none"
              >
                <WithStyles(TableSortLabel)
                  active={false}
                  direction="asc"
                  onClick={[Function]}
                >
                  Lost
                </WithStyles(TableSortLabel)>
              </WithStyles(TableCell)>
              <WithStyles(TableCell)
                padding="none"
              >
                <WithStyles(TableSortLabel)
                  active={false}
                  direction="asc"
                  onClick={[Function]}
                >
                  Goal
                </WithStyles(TableSortLabel)>
              </WithStyles(TableCell)>
              <WithStyles(TableCell)
                padding="none"
              >
                <WithStyles(TableSortLabel)
                  active={false}
                  direction="asc"
                  onClick={[Function]}
                >
                  Difference
                </WithStyles(TableSortLabel)>
              </WithStyles(TableCell)>
              <WithStyles(TableCell)
                padding="none"
              >
                <WithStyles(TableSortLabel)
                  active={false}
                  direction="asc"
                  onClick={[Function]}
                >
                  Points
                </WithStyles(TableSortLabel)>
              </WithStyles(TableCell)>
            </WithStyles(TableRow)>
          </TableHead>,
          <TableBody
            component="tbody"
          >
            <WithStyles(TableRow)>
              <WithStyles(TableCell)
                colSpan="9"
                style={
                  Object {
                    "textAlign": "center",
                  }
                }
              >
                No results
              </WithStyles(TableCell)>
            </WithStyles(TableRow)>
          </TableBody>,
        ],
      },
      "ref": null,
      "rendered": Array [
        Object {
          "instance": null,
          "key": undefined,
          "nodeType": "class",
          "props": Object {
            "children": <WithStyles(TableRow)>
              <WithStyles(TableCell)
                padding="none"
              >
                <WithStyles(TableSortLabel)
                  active={true}
                  direction="asc"
                  onClick={[Function]}
                >
                  Position
                </WithStyles(TableSortLabel)>
              </WithStyles(TableCell)>
              <WithStyles(TableCell)
                padding="none"
              >
                <WithStyles(TableSortLabel)
                  active={false}
                  direction="asc"
                  onClick={[Function]}
                >
                  Team name
                </WithStyles(TableSortLabel)>
              </WithStyles(TableCell)>
              <WithStyles(TableCell)
                padding="none"
              >
                <WithStyles(TableSortLabel)
                  active={false}
                  direction="asc"
                  onClick={[Function]}
                >
                  Played
                </WithStyles(TableSortLabel)>
              </WithStyles(TableCell)>
              <WithStyles(TableCell)
                padding="none"
              >
                <WithStyles(TableSortLabel)
                  active={false}
                  direction="asc"
                  onClick={[Function]}
                >
                  Won
                </WithStyles(TableSortLabel)>
              </WithStyles(TableCell)>
              <WithStyles(TableCell)
                padding="none"
              >
                <WithStyles(TableSortLabel)
                  active={false}
                  direction="asc"
                  onClick={[Function]}
                >
                  Drawn
                </WithStyles(TableSortLabel)>
              </WithStyles(TableCell)>
              <WithStyles(TableCell)
                padding="none"
              >
                <WithStyles(TableSortLabel)
                  active={false}
                  direction="asc"
                  onClick={[Function]}
                >
                  Lost
                </WithStyles(TableSortLabel)>
              </WithStyles(TableCell)>
              <WithStyles(TableCell)
                padding="none"
              >
                <WithStyles(TableSortLabel)
                  active={false}
                  direction="asc"
                  onClick={[Function]}
                >
                  Goal
                </WithStyles(TableSortLabel)>
              </WithStyles(TableCell)>
              <WithStyles(TableCell)
                padding="none"
              >
                <WithStyles(TableSortLabel)
                  active={false}
                  direction="asc"
                  onClick={[Function]}
                >
                  Difference
                </WithStyles(TableSortLabel)>
              </WithStyles(TableCell)>
              <WithStyles(TableCell)
                padding="none"
              >
                <WithStyles(TableSortLabel)
                  active={false}
                  direction="asc"
                  onClick={[Function]}
                >
                  Points
                </WithStyles(TableSortLabel)>
              </WithStyles(TableCell)>
            </WithStyles(TableRow)>,
            "component": "thead",
          },
          "ref": null,
          "rendered": Object {
            "instance": null,
            "key": undefined,
            "nodeType": "class",
            "props": Object {
              "children": Array [
                <WithStyles(TableCell)
                  padding="none"
                >
                  <WithStyles(TableSortLabel)
                    active={true}
                    direction="asc"
                    onClick={[Function]}
                  >
                    Position
                  </WithStyles(TableSortLabel)>
                </WithStyles(TableCell)>,
                <WithStyles(TableCell)
                  padding="none"
                >
                  <WithStyles(TableSortLabel)
                    active={false}
                    direction="asc"
                    onClick={[Function]}
                  >
                    Team name
                  </WithStyles(TableSortLabel)>
                </WithStyles(TableCell)>,
                <WithStyles(TableCell)
                  padding="none"
                >
                  <WithStyles(TableSortLabel)
                    active={false}
                    direction="asc"
                    onClick={[Function]}
                  >
                    Played
                  </WithStyles(TableSortLabel)>
                </WithStyles(TableCell)>,
                <WithStyles(TableCell)
                  padding="none"
                >
                  <WithStyles(TableSortLabel)
                    active={false}
                    direction="asc"
                    onClick={[Function]}
                  >
                    Won
                  </WithStyles(TableSortLabel)>
                </WithStyles(TableCell)>,
                <WithStyles(TableCell)
                  padding="none"
                >
                  <WithStyles(TableSortLabel)
                    active={false}
                    direction="asc"
                    onClick={[Function]}
                  >
                    Drawn
                  </WithStyles(TableSortLabel)>
                </WithStyles(TableCell)>,
                <WithStyles(TableCell)
                  padding="none"
                >
                  <WithStyles(TableSortLabel)
                    active={false}
                    direction="asc"
                    onClick={[Function]}
                  >
                    Lost
                  </WithStyles(TableSortLabel)>
                </WithStyles(TableCell)>,
                <WithStyles(TableCell)
                  padding="none"
                >
                  <WithStyles(TableSortLabel)
                    active={false}
                    direction="asc"
                    onClick={[Function]}
                  >
                    Goal
                  </WithStyles(TableSortLabel)>
                </WithStyles(TableCell)>,
                <WithStyles(TableCell)
                  padding="none"
                >
                  <WithStyles(TableSortLabel)
                    active={false}
                    direction="asc"
                    onClick={[Function]}
                  >
                    Difference
                  </WithStyles(TableSortLabel)>
                </WithStyles(TableCell)>,
                <WithStyles(TableCell)
                  padding="none"
                >
                  <WithStyles(TableSortLabel)
                    active={false}
                    direction="asc"
                    onClick={[Function]}
                  >
                    Points
                  </WithStyles(TableSortLabel)>
                </WithStyles(TableCell)>,
              ],
            },
            "ref": null,
            "rendered": Array [
              Object {
                "instance": null,
                "key": "position",
                "nodeType": "class",
                "props": Object {
                  "children": <WithStyles(TableSortLabel)
                    active={true}
                    direction="asc"
                    onClick={[Function]}
                  >
                    Position
                  </WithStyles(TableSortLabel)>,
                  "padding": "none",
                },
                "ref": null,
                "rendered": Object {
                  "instance": null,
                  "key": undefined,
                  "nodeType": "class",
                  "props": Object {
                    "active": true,
                    "children": "Position",
                    "direction": "asc",
                    "onClick": [Function],
                  },
                  "ref": null,
                  "rendered": "Position",
                  "type": [Function],
                },
                "type": [Function],
              },
              Object {
                "instance": null,
                "key": "name",
                "nodeType": "class",
                "props": Object {
                  "children": <WithStyles(TableSortLabel)
                    active={false}
                    direction="asc"
                    onClick={[Function]}
                  >
                    Team name
                  </WithStyles(TableSortLabel)>,
                  "padding": "none",
                },
                "ref": null,
                "rendered": Object {
                  "instance": null,
                  "key": undefined,
                  "nodeType": "class",
                  "props": Object {
                    "active": false,
                    "children": "Team name",
                    "direction": "asc",
                    "onClick": [Function],
                  },
                  "ref": null,
                  "rendered": "Team name",
                  "type": [Function],
                },
                "type": [Function],
              },
              Object {
                "instance": null,
                "key": "played",
                "nodeType": "class",
                "props": Object {
                  "children": <WithStyles(TableSortLabel)
                    active={false}
                    direction="asc"
                    onClick={[Function]}
                  >
                    Played
                  </WithStyles(TableSortLabel)>,
                  "padding": "none",
                },
                "ref": null,
                "rendered": Object {
                  "instance": null,
                  "key": undefined,
                  "nodeType": "class",
                  "props": Object {
                    "active": false,
                    "children": "Played",
                    "direction": "asc",
                    "onClick": [Function],
                  },
                  "ref": null,
                  "rendered": "Played",
                  "type": [Function],
                },
                "type": [Function],
              },
              Object {
                "instance": null,
                "key": "won",
                "nodeType": "class",
                "props": Object {
                  "children": <WithStyles(TableSortLabel)
                    active={false}
                    direction="asc"
                    onClick={[Function]}
                  >
                    Won
                  </WithStyles(TableSortLabel)>,
                  "padding": "none",
                },
                "ref": null,
                "rendered": Object {
                  "instance": null,
                  "key": undefined,
                  "nodeType": "class",
                  "props": Object {
                    "active": false,
                    "children": "Won",
                    "direction": "asc",
                    "onClick": [Function],
                  },
                  "ref": null,
                  "rendered": "Won",
                  "type": [Function],
                },
                "type": [Function],
              },
              Object {
                "instance": null,
                "key": "draw",
                "nodeType": "class",
                "props": Object {
                  "children": <WithStyles(TableSortLabel)
                    active={false}
                    direction="asc"
                    onClick={[Function]}
                  >
                    Drawn
                  </WithStyles(TableSortLabel)>,
                  "padding": "none",
                },
                "ref": null,
                "rendered": Object {
                  "instance": null,
                  "key": undefined,
                  "nodeType": "class",
                  "props": Object {
                    "active": false,
                    "children": "Drawn",
                    "direction": "asc",
                    "onClick": [Function],
                  },
                  "ref": null,
                  "rendered": "Drawn",
                  "type": [Function],
                },
                "type": [Function],
              },
              Object {
                "instance": null,
                "key": "lost",
                "nodeType": "class",
                "props": Object {
                  "children": <WithStyles(TableSortLabel)
                    active={false}
                    direction="asc"
                    onClick={[Function]}
                  >
                    Lost
                  </WithStyles(TableSortLabel)>,
                  "padding": "none",
                },
                "ref": null,
                "rendered": Object {
                  "instance": null,
                  "key": undefined,
                  "nodeType": "class",
                  "props": Object {
                    "active": false,
                    "children": "Lost",
                    "direction": "asc",
                    "onClick": [Function],
                  },
                  "ref": null,
                  "rendered": "Lost",
                  "type": [Function],
                },
                "type": [Function],
              },
              Object {
                "instance": null,
                "key": "goal",
                "nodeType": "class",
                "props": Object {
                  "children": <WithStyles(TableSortLabel)
                    active={false}
                    direction="asc"
                    onClick={[Function]}
                  >
                    Goal
                  </WithStyles(TableSortLabel)>,
                  "padding": "none",
                },
                "ref": null,
                "rendered": Object {
                  "instance": null,
                  "key": undefined,
                  "nodeType": "class",
                  "props": Object {
                    "active": false,
                    "children": "Goal",
                    "direction": "asc",
                    "onClick": [Function],
                  },
                  "ref": null,
                  "rendered": "Goal",
                  "type": [Function],
                },
                "type": [Function],
              },
              Object {
                "instance": null,
                "key": "difference",
                "nodeType": "class",
                "props": Object {
                  "children": <WithStyles(TableSortLabel)
                    active={false}
                    direction="asc"
                    onClick={[Function]}
                  >
                    Difference
                  </WithStyles(TableSortLabel)>,
                  "padding": "none",
                },
                "ref": null,
                "rendered": Object {
                  "instance": null,
                  "key": undefined,
                  "nodeType": "class",
                  "props": Object {
                    "active": false,
                    "children": "Difference",
                    "direction": "asc",
                    "onClick": [Function],
                  },
                  "ref": null,
                  "rendered": "Difference",
                  "type": [Function],
                },
                "type": [Function],
              },
              Object {
                "instance": null,
                "key": "points",
                "nodeType": "class",
                "props": Object {
                  "children": <WithStyles(TableSortLabel)
                    active={false}
                    direction="asc"
                    onClick={[Function]}
                  >
                    Points
                  </WithStyles(TableSortLabel)>,
                  "padding": "none",
                },
                "ref": null,
                "rendered": Object {
                  "instance": null,
                  "key": undefined,
                  "nodeType": "class",
                  "props": Object {
                    "active": false,
                    "children": "Points",
                    "direction": "asc",
                    "onClick": [Function],
                  },
                  "ref": null,
                  "rendered": "Points",
                  "type": [Function],
                },
                "type": [Function],
              },
            ],
            "type": [Function],
          },
          "type": [Function],
        },
        Object {
          "instance": null,
          "key": undefined,
          "nodeType": "class",
          "props": Object {
            "children": <WithStyles(TableRow)>
              <WithStyles(TableCell)
                colSpan="9"
                style={
                  Object {
                    "textAlign": "center",
                  }
                }
              >
                No results
              </WithStyles(TableCell)>
            </WithStyles(TableRow)>,
            "component": "tbody",
          },
          "ref": null,
          "rendered": Object {
            "instance": null,
            "key": undefined,
            "nodeType": "class",
            "props": Object {
              "children": <WithStyles(TableCell)
                colSpan="9"
                style={
                  Object {
                    "textAlign": "center",
                  }
                }
              >
                No results
              </WithStyles(TableCell)>,
            },
            "ref": null,
            "rendered": Object {
              "instance": null,
              "key": undefined,
              "nodeType": "class",
              "props": Object {
                "children": "No results",
                "colSpan": "9",
                "style": Object {
                  "textAlign": "center",
                },
              },
              "ref": null,
              "rendered": "No results",
              "type": [Function],
            },
            "type": [Function],
          },
          "type": [Function],
        },
      ],
      "type": [Function],
    },
    "type": "div",
  },
  Symbol(enzyme.__nodes__): Array [
    Object {
      "instance": null,
      "key": undefined,
      "nodeType": "host",
      "props": Object {
        "children": <WithStyles(Table)>
          <TableHead
            component="thead"
          >
            <WithStyles(TableRow)>
              <WithStyles(TableCell)
                padding="none"
              >
                <WithStyles(TableSortLabel)
                  active={true}
                  direction="asc"
                  onClick={[Function]}
                >
                  Position
                </WithStyles(TableSortLabel)>
              </WithStyles(TableCell)>
              <WithStyles(TableCell)
                padding="none"
              >
                <WithStyles(TableSortLabel)
                  active={false}
                  direction="asc"
                  onClick={[Function]}
                >
                  Team name
                </WithStyles(TableSortLabel)>
              </WithStyles(TableCell)>
              <WithStyles(TableCell)
                padding="none"
              >
                <WithStyles(TableSortLabel)
                  active={false}
                  direction="asc"
                  onClick={[Function]}
                >
                  Played
                </WithStyles(TableSortLabel)>
              </WithStyles(TableCell)>
              <WithStyles(TableCell)
                padding="none"
              >
                <WithStyles(TableSortLabel)
                  active={false}
                  direction="asc"
                  onClick={[Function]}
                >
                  Won
                </WithStyles(TableSortLabel)>
              </WithStyles(TableCell)>
              <WithStyles(TableCell)
                padding="none"
              >
                <WithStyles(TableSortLabel)
                  active={false}
                  direction="asc"
                  onClick={[Function]}
                >
                  Drawn
                </WithStyles(TableSortLabel)>
              </WithStyles(TableCell)>
              <WithStyles(TableCell)
                padding="none"
              >
                <WithStyles(TableSortLabel)
                  active={false}
                  direction="asc"
                  onClick={[Function]}
                >
                  Lost
                </WithStyles(TableSortLabel)>
              </WithStyles(TableCell)>
              <WithStyles(TableCell)
                padding="none"
              >
                <WithStyles(TableSortLabel)
                  active={false}
                  direction="asc"
                  onClick={[Function]}
                >
                  Goal
                </WithStyles(TableSortLabel)>
              </WithStyles(TableCell)>
              <WithStyles(TableCell)
                padding="none"
              >
                <WithStyles(TableSortLabel)
                  active={false}
                  direction="asc"
                  onClick={[Function]}
                >
                  Difference
                </WithStyles(TableSortLabel)>
              </WithStyles(TableCell)>
              <WithStyles(TableCell)
                padding="none"
              >
                <WithStyles(TableSortLabel)
                  active={false}
                  direction="asc"
                  onClick={[Function]}
                >
                  Points
                </WithStyles(TableSortLabel)>
              </WithStyles(TableCell)>
            </WithStyles(TableRow)>
          </TableHead>
          <TableBody
            component="tbody"
          >
            <WithStyles(TableRow)>
              <WithStyles(TableCell)
                colSpan="9"
                style={
                  Object {
                    "textAlign": "center",
                  }
                }
              >
                No results
              </WithStyles(TableCell)>
            </WithStyles(TableRow)>
          </TableBody>
        </WithStyles(Table)>,
      },
      "ref": null,
      "rendered": Object {
        "instance": null,
        "key": undefined,
        "nodeType": "class",
        "props": Object {
          "children": Array [
            <TableHead
              component="thead"
            >
              <WithStyles(TableRow)>
                <WithStyles(TableCell)
                  padding="none"
                >
                  <WithStyles(TableSortLabel)
                    active={true}
                    direction="asc"
                    onClick={[Function]}
                  >
                    Position
                  </WithStyles(TableSortLabel)>
                </WithStyles(TableCell)>
                <WithStyles(TableCell)
                  padding="none"
                >
                  <WithStyles(TableSortLabel)
                    active={false}
                    direction="asc"
                    onClick={[Function]}
                  >
                    Team name
                  </WithStyles(TableSortLabel)>
                </WithStyles(TableCell)>
                <WithStyles(TableCell)
                  padding="none"
                >
                  <WithStyles(TableSortLabel)
                    active={false}
                    direction="asc"
                    onClick={[Function]}
                  >
                    Played
                  </WithStyles(TableSortLabel)>
                </WithStyles(TableCell)>
                <WithStyles(TableCell)
                  padding="none"
                >
                  <WithStyles(TableSortLabel)
                    active={false}
                    direction="asc"
                    onClick={[Function]}
                  >
                    Won
                  </WithStyles(TableSortLabel)>
                </WithStyles(TableCell)>
                <WithStyles(TableCell)
                  padding="none"
                >
                  <WithStyles(TableSortLabel)
                    active={false}
                    direction="asc"
                    onClick={[Function]}
                  >
                    Drawn
                  </WithStyles(TableSortLabel)>
                </WithStyles(TableCell)>
                <WithStyles(TableCell)
                  padding="none"
                >
                  <WithStyles(TableSortLabel)
                    active={false}
                    direction="asc"
                    onClick={[Function]}
                  >
                    Lost
                  </WithStyles(TableSortLabel)>
                </WithStyles(TableCell)>
                <WithStyles(TableCell)
                  padding="none"
                >
                  <WithStyles(TableSortLabel)
                    active={false}
                    direction="asc"
                    onClick={[Function]}
                  >
                    Goal
                  </WithStyles(TableSortLabel)>
                </WithStyles(TableCell)>
                <WithStyles(TableCell)
                  padding="none"
                >
                  <WithStyles(TableSortLabel)
                    active={false}
                    direction="asc"
                    onClick={[Function]}
                  >
                    Difference
                  </WithStyles(TableSortLabel)>
                </WithStyles(TableCell)>
                <WithStyles(TableCell)
                  padding="none"
                >
                  <WithStyles(TableSortLabel)
                    active={false}
                    direction="asc"
                    onClick={[Function]}
                  >
                    Points
                  </WithStyles(TableSortLabel)>
                </WithStyles(TableCell)>
              </WithStyles(TableRow)>
            </TableHead>,
            <TableBody
              component="tbody"
            >
              <WithStyles(TableRow)>
                <WithStyles(TableCell)
                  colSpan="9"
                  style={
                    Object {
                      "textAlign": "center",
                    }
                  }
                >
                  No results
                </WithStyles(TableCell)>
              </WithStyles(TableRow)>
            </TableBody>,
          ],
        },
        "ref": null,
        "rendered": Array [
          Object {
            "instance": null,
            "key": undefined,
            "nodeType": "class",
            "props": Object {
              "children": <WithStyles(TableRow)>
                <WithStyles(TableCell)
                  padding="none"
                >
                  <WithStyles(TableSortLabel)
                    active={true}
                    direction="asc"
                    onClick={[Function]}
                  >
                    Position
                  </WithStyles(TableSortLabel)>
                </WithStyles(TableCell)>
                <WithStyles(TableCell)
                  padding="none"
                >
                  <WithStyles(TableSortLabel)
                    active={false}
                    direction="asc"
                    onClick={[Function]}
                  >
                    Team name
                  </WithStyles(TableSortLabel)>
                </WithStyles(TableCell)>
                <WithStyles(TableCell)
                  padding="none"
                >
                  <WithStyles(TableSortLabel)
                    active={false}
                    direction="asc"
                    onClick={[Function]}
                  >
                    Played
                  </WithStyles(TableSortLabel)>
                </WithStyles(TableCell)>
                <WithStyles(TableCell)
                  padding="none"
                >
                  <WithStyles(TableSortLabel)
                    active={false}
                    direction="asc"
                    onClick={[Function]}
                  >
                    Won
                  </WithStyles(TableSortLabel)>
                </WithStyles(TableCell)>
                <WithStyles(TableCell)
                  padding="none"
                >
                  <WithStyles(TableSortLabel)
                    active={false}
                    direction="asc"
                    onClick={[Function]}
                  >
                    Drawn
                  </WithStyles(TableSortLabel)>
                </WithStyles(TableCell)>
                <WithStyles(TableCell)
                  padding="none"
                >
                  <WithStyles(TableSortLabel)
                    active={false}
                    direction="asc"
                    onClick={[Function]}
                  >
                    Lost
                  </WithStyles(TableSortLabel)>
                </WithStyles(TableCell)>
                <WithStyles(TableCell)
                  padding="none"
                >
                  <WithStyles(TableSortLabel)
                    active={false}
                    direction="asc"
                    onClick={[Function]}
                  >
                    Goal
                  </WithStyles(TableSortLabel)>
                </WithStyles(TableCell)>
                <WithStyles(TableCell)
                  padding="none"
                >
                  <WithStyles(TableSortLabel)
                    active={false}
                    direction="asc"
                    onClick={[Function]}
                  >
                    Difference
                  </WithStyles(TableSortLabel)>
                </WithStyles(TableCell)>
                <WithStyles(TableCell)
                  padding="none"
                >
                  <WithStyles(TableSortLabel)
                    active={false}
                    direction="asc"
                    onClick={[Function]}
                  >
                    Points
                  </WithStyles(TableSortLabel)>
                </WithStyles(TableCell)>
              </WithStyles(TableRow)>,
              "component": "thead",
            },
            "ref": null,
            "rendered": Object {
              "instance": null,
              "key": undefined,
              "nodeType": "class",
              "props": Object {
                "children": Array [
                  <WithStyles(TableCell)
                    padding="none"
                  >
                    <WithStyles(TableSortLabel)
                      active={true}
                      direction="asc"
                      onClick={[Function]}
                    >
                      Position
                    </WithStyles(TableSortLabel)>
                  </WithStyles(TableCell)>,
                  <WithStyles(TableCell)
                    padding="none"
                  >
                    <WithStyles(TableSortLabel)
                      active={false}
                      direction="asc"
                      onClick={[Function]}
                    >
                      Team name
                    </WithStyles(TableSortLabel)>
                  </WithStyles(TableCell)>,
                  <WithStyles(TableCell)
                    padding="none"
                  >
                    <WithStyles(TableSortLabel)
                      active={false}
                      direction="asc"
                      onClick={[Function]}
                    >
                      Played
                    </WithStyles(TableSortLabel)>
                  </WithStyles(TableCell)>,
                  <WithStyles(TableCell)
                    padding="none"
                  >
                    <WithStyles(TableSortLabel)
                      active={false}
                      direction="asc"
                      onClick={[Function]}
                    >
                      Won
                    </WithStyles(TableSortLabel)>
                  </WithStyles(TableCell)>,
                  <WithStyles(TableCell)
                    padding="none"
                  >
                    <WithStyles(TableSortLabel)
                      active={false}
                      direction="asc"
                      onClick={[Function]}
                    >
                      Drawn
                    </WithStyles(TableSortLabel)>
                  </WithStyles(TableCell)>,
                  <WithStyles(TableCell)
                    padding="none"
                  >
                    <WithStyles(TableSortLabel)
                      active={false}
                      direction="asc"
                      onClick={[Function]}
                    >
                      Lost
                    </WithStyles(TableSortLabel)>
                  </WithStyles(TableCell)>,
                  <WithStyles(TableCell)
                    padding="none"
                  >
                    <WithStyles(TableSortLabel)
                      active={false}
                      direction="asc"
                      onClick={[Function]}
                    >
                      Goal
                    </WithStyles(TableSortLabel)>
                  </WithStyles(TableCell)>,
                  <WithStyles(TableCell)
                    padding="none"
                  >
                    <WithStyles(TableSortLabel)
                      active={false}
                      direction="asc"
                      onClick={[Function]}
                    >
                      Difference
                    </WithStyles(TableSortLabel)>
                  </WithStyles(TableCell)>,
                  <WithStyles(TableCell)
                    padding="none"
                  >
                    <WithStyles(TableSortLabel)
                      active={false}
                      direction="asc"
                      onClick={[Function]}
                    >
                      Points
                    </WithStyles(TableSortLabel)>
                  </WithStyles(TableCell)>,
                ],
              },
              "ref": null,
              "rendered": Array [
                Object {
                  "instance": null,
                  "key": "position",
                  "nodeType": "class",
                  "props": Object {
                    "children": <WithStyles(TableSortLabel)
                      active={true}
                      direction="asc"
                      onClick={[Function]}
                    >
                      Position
                    </WithStyles(TableSortLabel)>,
                    "padding": "none",
                  },
                  "ref": null,
                  "rendered": Object {
                    "instance": null,
                    "key": undefined,
                    "nodeType": "class",
                    "props": Object {
                      "active": true,
                      "children": "Position",
                      "direction": "asc",
                      "onClick": [Function],
                    },
                    "ref": null,
                    "rendered": "Position",
                    "type": [Function],
                  },
                  "type": [Function],
                },
                Object {
                  "instance": null,
                  "key": "name",
                  "nodeType": "class",
                  "props": Object {
                    "children": <WithStyles(TableSortLabel)
                      active={false}
                      direction="asc"
                      onClick={[Function]}
                    >
                      Team name
                    </WithStyles(TableSortLabel)>,
                    "padding": "none",
                  },
                  "ref": null,
                  "rendered": Object {
                    "instance": null,
                    "key": undefined,
                    "nodeType": "class",
                    "props": Object {
                      "active": false,
                      "children": "Team name",
                      "direction": "asc",
                      "onClick": [Function],
                    },
                    "ref": null,
                    "rendered": "Team name",
                    "type": [Function],
                  },
                  "type": [Function],
                },
                Object {
                  "instance": null,
                  "key": "played",
                  "nodeType": "class",
                  "props": Object {
                    "children": <WithStyles(TableSortLabel)
                      active={false}
                      direction="asc"
                      onClick={[Function]}
                    >
                      Played
                    </WithStyles(TableSortLabel)>,
                    "padding": "none",
                  },
                  "ref": null,
                  "rendered": Object {
                    "instance": null,
                    "key": undefined,
                    "nodeType": "class",
                    "props": Object {
                      "active": false,
                      "children": "Played",
                      "direction": "asc",
                      "onClick": [Function],
                    },
                    "ref": null,
                    "rendered": "Played",
                    "type": [Function],
                  },
                  "type": [Function],
                },
                Object {
                  "instance": null,
                  "key": "won",
                  "nodeType": "class",
                  "props": Object {
                    "children": <WithStyles(TableSortLabel)
                      active={false}
                      direction="asc"
                      onClick={[Function]}
                    >
                      Won
                    </WithStyles(TableSortLabel)>,
                    "padding": "none",
                  },
                  "ref": null,
                  "rendered": Object {
                    "instance": null,
                    "key": undefined,
                    "nodeType": "class",
                    "props": Object {
                      "active": false,
                      "children": "Won",
                      "direction": "asc",
                      "onClick": [Function],
                    },
                    "ref": null,
                    "rendered": "Won",
                    "type": [Function],
                  },
                  "type": [Function],
                },
                Object {
                  "instance": null,
                  "key": "draw",
                  "nodeType": "class",
                  "props": Object {
                    "children": <WithStyles(TableSortLabel)
                      active={false}
                      direction="asc"
                      onClick={[Function]}
                    >
                      Drawn
                    </WithStyles(TableSortLabel)>,
                    "padding": "none",
                  },
                  "ref": null,
                  "rendered": Object {
                    "instance": null,
                    "key": undefined,
                    "nodeType": "class",
                    "props": Object {
                      "active": false,
                      "children": "Drawn",
                      "direction": "asc",
                      "onClick": [Function],
                    },
                    "ref": null,
                    "rendered": "Drawn",
                    "type": [Function],
                  },
                  "type": [Function],
                },
                Object {
                  "instance": null,
                  "key": "lost",
                  "nodeType": "class",
                  "props": Object {
                    "children": <WithStyles(TableSortLabel)
                      active={false}
                      direction="asc"
                      onClick={[Function]}
                    >
                      Lost
                    </WithStyles(TableSortLabel)>,
                    "padding": "none",
                  },
                  "ref": null,
                  "rendered": Object {
                    "instance": null,
                    "key": undefined,
                    "nodeType": "class",
                    "props": Object {
                      "active": false,
                      "children": "Lost",
                      "direction": "asc",
                      "onClick": [Function],
                    },
                    "ref": null,
                    "rendered": "Lost",
                    "type": [Function],
                  },
                  "type": [Function],
                },
                Object {
                  "instance": null,
                  "key": "goal",
                  "nodeType": "class",
                  "props": Object {
                    "children": <WithStyles(TableSortLabel)
                      active={false}
                      direction="asc"
                      onClick={[Function]}
                    >
                      Goal
                    </WithStyles(TableSortLabel)>,
                    "padding": "none",
                  },
                  "ref": null,
                  "rendered": Object {
                    "instance": null,
                    "key": undefined,
                    "nodeType": "class",
                    "props": Object {
                      "active": false,
                      "children": "Goal",
                      "direction": "asc",
                      "onClick": [Function],
                    },
                    "ref": null,
                    "rendered": "Goal",
                    "type": [Function],
                  },
                  "type": [Function],
                },
                Object {
                  "instance": null,
                  "key": "difference",
                  "nodeType": "class",
                  "props": Object {
                    "children": <WithStyles(TableSortLabel)
                      active={false}
                      direction="asc"
                      onClick={[Function]}
                    >
                      Difference
                    </WithStyles(TableSortLabel)>,
                    "padding": "none",
                  },
                  "ref": null,
                  "rendered": Object {
                    "instance": null,
                    "key": undefined,
                    "nodeType": "class",
                    "props": Object {
                      "active": false,
                      "children": "Difference",
                      "direction": "asc",
                      "onClick": [Function],
                    },
                    "ref": null,
                    "rendered": "Difference",
                    "type": [Function],
                  },
                  "type": [Function],
                },
                Object {
                  "instance": null,
                  "key": "points",
                  "nodeType": "class",
                  "props": Object {
                    "children": <WithStyles(TableSortLabel)
                      active={false}
                      direction="asc"
                      onClick={[Function]}
                    >
                      Points
                    </WithStyles(TableSortLabel)>,
                    "padding": "none",
                  },
                  "ref": null,
                  "rendered": Object {
                    "instance": null,
                    "key": undefined,
                    "nodeType": "class",
                    "props": Object {
                      "active": false,
                      "children": "Points",
                      "direction": "asc",
                      "onClick": [Function],
                    },
                    "ref": null,
                    "rendered": "Points",
                    "type": [Function],
                  },
                  "type": [Function],
                },
              ],
              "type": [Function],
            },
            "type": [Function],
          },
          Object {
            "instance": null,
            "key": undefined,
            "nodeType": "class",
            "props": Object {
              "children": <WithStyles(TableRow)>
                <WithStyles(TableCell)
                  colSpan="9"
                  style={
                    Object {
                      "textAlign": "center",
                    }
                  }
                >
                  No results
                </WithStyles(TableCell)>
              </WithStyles(TableRow)>,
              "component": "tbody",
            },
            "ref": null,
            "rendered": Object {
              "instance": null,
              "key": undefined,
              "nodeType": "class",
              "props": Object {
                "children": <WithStyles(TableCell)
                  colSpan="9"
                  style={
                    Object {
                      "textAlign": "center",
                    }
                  }
                >
                  No results
                </WithStyles(TableCell)>,
              },
              "ref": null,
              "rendered": Object {
                "instance": null,
                "key": undefined,
                "nodeType": "class",
                "props": Object {
                  "children": "No results",
                  "colSpan": "9",
                  "style": Object {
                    "textAlign": "center",
                  },
                },
                "ref": null,
                "rendered": "No results",
                "type": [Function],
              },
              "type": [Function],
            },
            "type": [Function],
          },
        ],
        "type": [Function],
      },
      "type": "div",
    },
  ],
  Symbol(enzyme.__options__): Object {
    "adapter": ReactSixteenAdapter {
      "options": Object {
        "enableComponentDidUpdateOnSetState": true,
      },
    },
  },
}
`;
