// Jest Snapshot v1, https://goo.gl/fbAQLP

exports[`LeagueClassification component must render properly 1`] = `
ShallowWrapper {
  "length": 1,
  Symbol(enzyme.__root__): [Circular],
  Symbol(enzyme.__unrendered__): <Standing
    getStandings={[MockFunction]}
    onTeamSelect={[MockFunction]}
    standings={
      Array [
        Object {
          "difference": "+8",
          "draw": 5,
          "goal": 7,
          "id": 1,
          "lost": 6,
          "name": "sample",
          "played": 3,
          "points": 9,
          "position": 1,
          "won": 4,
        },
        Object {
          "difference": "+80",
          "draw": 50,
          "goal": 70,
          "id": 10,
          "lost": 60,
          "name": "sample2",
          "played": 30,
          "points": 90,
          "position": 10,
          "won": 40,
        },
      ]
    }
  />,
  Symbol(enzyme.__renderer__): Object {
    "batchedUpdates": [Function],
    "getNode": [Function],
    "render": [Function],
    "simulateEvent": [Function],
    "unmount": [Function],
  },
  Symbol(enzyme.__node__): Object {
    "instance": null,
    "key": undefined,
    "nodeType": "host",
    "props": Object {
      "children": <WithStyles(Table)>
        <TableHead
          component="thead"
        >
          <WithStyles(TableRow)>
            <WithStyles(TableCell)
              padding="none"
            >
              <WithStyles(TableSortLabel)
                active={true}
                direction="asc"
                onClick={[Function]}
              >
                Position
              </WithStyles(TableSortLabel)>
            </WithStyles(TableCell)>
            <WithStyles(TableCell)
              padding="none"
            >
              <WithStyles(TableSortLabel)
                active={true}
                direction="asc"
                onClick={[Function]}
              >
                Team name
              </WithStyles(TableSortLabel)>
            </WithStyles(TableCell)>
            <WithStyles(TableCell)
              padding="none"
            >
              <WithStyles(TableSortLabel)
                active={true}
                direction="asc"
                onClick={[Function]}
              >
                Played
              </WithStyles(TableSortLabel)>
            </WithStyles(TableCell)>
            <WithStyles(TableCell)
              padding="none"
            >
              <WithStyles(TableSortLabel)
                active={true}
                direction="asc"
                onClick={[Function]}
              >
                Won
              </WithStyles(TableSortLabel)>
            </WithStyles(TableCell)>
            <WithStyles(TableCell)
              padding="none"
            >
              <WithStyles(TableSortLabel)
                active={true}
                direction="asc"
                onClick={[Function]}
              >
                Drawn
              </WithStyles(TableSortLabel)>
            </WithStyles(TableCell)>
            <WithStyles(TableCell)
              padding="none"
            >
              <WithStyles(TableSortLabel)
                active={true}
                direction="asc"
                onClick={[Function]}
              >
                Lost
              </WithStyles(TableSortLabel)>
            </WithStyles(TableCell)>
            <WithStyles(TableCell)
              padding="none"
            >
              <WithStyles(TableSortLabel)
                active={true}
                direction="asc"
                onClick={[Function]}
              >
                Goal
              </WithStyles(TableSortLabel)>
            </WithStyles(TableCell)>
            <WithStyles(TableCell)
              padding="none"
            >
              <WithStyles(TableSortLabel)
                active={true}
                direction="asc"
                onClick={[Function]}
              >
                Difference
              </WithStyles(TableSortLabel)>
            </WithStyles(TableCell)>
            <WithStyles(TableCell)
              padding="none"
            >
              <WithStyles(TableSortLabel)
                active={true}
                direction="asc"
                onClick={[Function]}
              >
                Points
              </WithStyles(TableSortLabel)>
            </WithStyles(TableCell)>
          </WithStyles(TableRow)>
        </TableHead>
        <TableBody
          component="tbody"
        >
          <WithStyles(TableRow)>
            <WithStyles(TableCell)
              padding="none"
            >
              1
            </WithStyles(TableCell)>
            <WithStyles(TableCell)
              padding="none"
            >
              <styled.button
                disabled={false}
                onClick={[Function]}
              >
                sample
              </styled.button>
            </WithStyles(TableCell)>
            <WithStyles(TableCell)
              padding="none"
            >
              3
            </WithStyles(TableCell)>
            <WithStyles(TableCell)
              padding="none"
            >
              4
            </WithStyles(TableCell)>
            <WithStyles(TableCell)
              padding="none"
            >
              5
            </WithStyles(TableCell)>
            <WithStyles(TableCell)
              padding="none"
            >
              6
            </WithStyles(TableCell)>
            <WithStyles(TableCell)
              padding="none"
            >
              7
            </WithStyles(TableCell)>
            <WithStyles(TableCell)
              padding="none"
            >
              +8
            </WithStyles(TableCell)>
            <WithStyles(TableCell)
              padding="none"
            >
              9
            </WithStyles(TableCell)>
          </WithStyles(TableRow)>
          <WithStyles(TableRow)>
            <WithStyles(TableCell)
              padding="none"
            >
              10
            </WithStyles(TableCell)>
            <WithStyles(TableCell)
              padding="none"
            >
              <styled.button
                disabled={false}
                onClick={[Function]}
              >
                sample2
              </styled.button>
            </WithStyles(TableCell)>
            <WithStyles(TableCell)
              padding="none"
            >
              30
            </WithStyles(TableCell)>
            <WithStyles(TableCell)
              padding="none"
            >
              40
            </WithStyles(TableCell)>
            <WithStyles(TableCell)
              padding="none"
            >
              50
            </WithStyles(TableCell)>
            <WithStyles(TableCell)
              padding="none"
            >
              60
            </WithStyles(TableCell)>
            <WithStyles(TableCell)
              padding="none"
            >
              70
            </WithStyles(TableCell)>
            <WithStyles(TableCell)
              padding="none"
            >
              +80
            </WithStyles(TableCell)>
            <WithStyles(TableCell)
              padding="none"
            >
              90
            </WithStyles(TableCell)>
          </WithStyles(TableRow)>
        </TableBody>
      </WithStyles(Table)>,
    },
    "ref": null,
    "rendered": Object {
      "instance": null,
      "key": undefined,
      "nodeType": "class",
      "props": Object {
        "children": Array [
          <TableHead
            component="thead"
          >
            <WithStyles(TableRow)>
              <WithStyles(TableCell)
                padding="none"
              >
                <WithStyles(TableSortLabel)
                  active={true}
                  direction="asc"
                  onClick={[Function]}
                >
                  Position
                </WithStyles(TableSortLabel)>
              </WithStyles(TableCell)>
              <WithStyles(TableCell)
                padding="none"
              >
                <WithStyles(TableSortLabel)
                  active={true}
                  direction="asc"
                  onClick={[Function]}
                >
                  Team name
                </WithStyles(TableSortLabel)>
              </WithStyles(TableCell)>
              <WithStyles(TableCell)
                padding="none"
              >
                <WithStyles(TableSortLabel)
                  active={true}
                  direction="asc"
                  onClick={[Function]}
                >
                  Played
                </WithStyles(TableSortLabel)>
              </WithStyles(TableCell)>
              <WithStyles(TableCell)
                padding="none"
              >
                <WithStyles(TableSortLabel)
                  active={true}
                  direction="asc"
                  onClick={[Function]}
                >
                  Won
                </WithStyles(TableSortLabel)>
              </WithStyles(TableCell)>
              <WithStyles(TableCell)
                padding="none"
              >
                <WithStyles(TableSortLabel)
                  active={true}
                  direction="asc"
                  onClick={[Function]}
                >
                  Drawn
                </WithStyles(TableSortLabel)>
              </WithStyles(TableCell)>
              <WithStyles(TableCell)
                padding="none"
              >
                <WithStyles(TableSortLabel)
                  active={true}
                  direction="asc"
                  onClick={[Function]}
                >
                  Lost
                </WithStyles(TableSortLabel)>
              </WithStyles(TableCell)>
              <WithStyles(TableCell)
                padding="none"
              >
                <WithStyles(TableSortLabel)
                  active={true}
                  direction="asc"
                  onClick={[Function]}
                >
                  Goal
                </WithStyles(TableSortLabel)>
              </WithStyles(TableCell)>
              <WithStyles(TableCell)
                padding="none"
              >
                <WithStyles(TableSortLabel)
                  active={true}
                  direction="asc"
                  onClick={[Function]}
                >
                  Difference
                </WithStyles(TableSortLabel)>
              </WithStyles(TableCell)>
              <WithStyles(TableCell)
                padding="none"
              >
                <WithStyles(TableSortLabel)
                  active={true}
                  direction="asc"
                  onClick={[Function]}
                >
                  Points
                </WithStyles(TableSortLabel)>
              </WithStyles(TableCell)>
            </WithStyles(TableRow)>
          </TableHead>,
          <TableBody
            component="tbody"
          >
            <WithStyles(TableRow)>
              <WithStyles(TableCell)
                padding="none"
              >
                1
              </WithStyles(TableCell)>
              <WithStyles(TableCell)
                padding="none"
              >
                <styled.button
                  disabled={false}
                  onClick={[Function]}
                >
                  sample
                </styled.button>
              </WithStyles(TableCell)>
              <WithStyles(TableCell)
                padding="none"
              >
                3
              </WithStyles(TableCell)>
              <WithStyles(TableCell)
                padding="none"
              >
                4
              </WithStyles(TableCell)>
              <WithStyles(TableCell)
                padding="none"
              >
                5
              </WithStyles(TableCell)>
              <WithStyles(TableCell)
                padding="none"
              >
                6
              </WithStyles(TableCell)>
              <WithStyles(TableCell)
                padding="none"
              >
                7
              </WithStyles(TableCell)>
              <WithStyles(TableCell)
                padding="none"
              >
                +8
              </WithStyles(TableCell)>
              <WithStyles(TableCell)
                padding="none"
              >
                9
              </WithStyles(TableCell)>
            </WithStyles(TableRow)>
            <WithStyles(TableRow)>
              <WithStyles(TableCell)
                padding="none"
              >
                10
              </WithStyles(TableCell)>
              <WithStyles(TableCell)
                padding="none"
              >
                <styled.button
                  disabled={false}
                  onClick={[Function]}
                >
                  sample2
                </styled.button>
              </WithStyles(TableCell)>
              <WithStyles(TableCell)
                padding="none"
              >
                30
              </WithStyles(TableCell)>
              <WithStyles(TableCell)
                padding="none"
              >
                40
              </WithStyles(TableCell)>
              <WithStyles(TableCell)
                padding="none"
              >
                50
              </WithStyles(TableCell)>
              <WithStyles(TableCell)
                padding="none"
              >
                60
              </WithStyles(TableCell)>
              <WithStyles(TableCell)
                padding="none"
              >
                70
              </WithStyles(TableCell)>
              <WithStyles(TableCell)
                padding="none"
              >
                +80
              </WithStyles(TableCell)>
              <WithStyles(TableCell)
                padding="none"
              >
                90
              </WithStyles(TableCell)>
            </WithStyles(TableRow)>
          </TableBody>,
        ],
      },
      "ref": null,
      "rendered": Array [
        Object {
          "instance": null,
          "key": undefined,
          "nodeType": "class",
          "props": Object {
            "children": <WithStyles(TableRow)>
              <WithStyles(TableCell)
                padding="none"
              >
                <WithStyles(TableSortLabel)
                  active={true}
                  direction="asc"
                  onClick={[Function]}
                >
                  Position
                </WithStyles(TableSortLabel)>
              </WithStyles(TableCell)>
              <WithStyles(TableCell)
                padding="none"
              >
                <WithStyles(TableSortLabel)
                  active={true}
                  direction="asc"
                  onClick={[Function]}
                >
                  Team name
                </WithStyles(TableSortLabel)>
              </WithStyles(TableCell)>
              <WithStyles(TableCell)
                padding="none"
              >
                <WithStyles(TableSortLabel)
                  active={true}
                  direction="asc"
                  onClick={[Function]}
                >
                  Played
                </WithStyles(TableSortLabel)>
              </WithStyles(TableCell)>
              <WithStyles(TableCell)
                padding="none"
              >
                <WithStyles(TableSortLabel)
                  active={true}
                  direction="asc"
                  onClick={[Function]}
                >
                  Won
                </WithStyles(TableSortLabel)>
              </WithStyles(TableCell)>
              <WithStyles(TableCell)
                padding="none"
              >
                <WithStyles(TableSortLabel)
                  active={true}
                  direction="asc"
                  onClick={[Function]}
                >
                  Drawn
                </WithStyles(TableSortLabel)>
              </WithStyles(TableCell)>
              <WithStyles(TableCell)
                padding="none"
              >
                <WithStyles(TableSortLabel)
                  active={true}
                  direction="asc"
                  onClick={[Function]}
                >
                  Lost
                </WithStyles(TableSortLabel)>
              </WithStyles(TableCell)>
              <WithStyles(TableCell)
                padding="none"
              >
                <WithStyles(TableSortLabel)
                  active={true}
                  direction="asc"
                  onClick={[Function]}
                >
                  Goal
                </WithStyles(TableSortLabel)>
              </WithStyles(TableCell)>
              <WithStyles(TableCell)
                padding="none"
              >
                <WithStyles(TableSortLabel)
                  active={true}
                  direction="asc"
                  onClick={[Function]}
                >
                  Difference
                </WithStyles(TableSortLabel)>
              </WithStyles(TableCell)>
              <WithStyles(TableCell)
                padding="none"
              >
                <WithStyles(TableSortLabel)
                  active={true}
                  direction="asc"
                  onClick={[Function]}
                >
                  Points
                </WithStyles(TableSortLabel)>
              </WithStyles(TableCell)>
            </WithStyles(TableRow)>,
            "component": "thead",
          },
          "ref": null,
          "rendered": Object {
            "instance": null,
            "key": undefined,
            "nodeType": "class",
            "props": Object {
              "children": Array [
                <WithStyles(TableCell)
                  padding="none"
                >
                  <WithStyles(TableSortLabel)
                    active={true}
                    direction="asc"
                    onClick={[Function]}
                  >
                    Position
                  </WithStyles(TableSortLabel)>
                </WithStyles(TableCell)>,
                <WithStyles(TableCell)
                  padding="none"
                >
                  <WithStyles(TableSortLabel)
                    active={true}
                    direction="asc"
                    onClick={[Function]}
                  >
                    Team name
                  </WithStyles(TableSortLabel)>
                </WithStyles(TableCell)>,
                <WithStyles(TableCell)
                  padding="none"
                >
                  <WithStyles(TableSortLabel)
                    active={true}
                    direction="asc"
                    onClick={[Function]}
                  >
                    Played
                  </WithStyles(TableSortLabel)>
                </WithStyles(TableCell)>,
                <WithStyles(TableCell)
                  padding="none"
                >
                  <WithStyles(TableSortLabel)
                    active={true}
                    direction="asc"
                    onClick={[Function]}
                  >
                    Won
                  </WithStyles(TableSortLabel)>
                </WithStyles(TableCell)>,
                <WithStyles(TableCell)
                  padding="none"
                >
                  <WithStyles(TableSortLabel)
                    active={true}
                    direction="asc"
                    onClick={[Function]}
                  >
                    Drawn
                  </WithStyles(TableSortLabel)>
                </WithStyles(TableCell)>,
                <WithStyles(TableCell)
                  padding="none"
                >
                  <WithStyles(TableSortLabel)
                    active={true}
                    direction="asc"
                    onClick={[Function]}
                  >
                    Lost
                  </WithStyles(TableSortLabel)>
                </WithStyles(TableCell)>,
                <WithStyles(TableCell)
                  padding="none"
                >
                  <WithStyles(TableSortLabel)
                    active={true}
                    direction="asc"
                    onClick={[Function]}
                  >
                    Goal
                  </WithStyles(TableSortLabel)>
                </WithStyles(TableCell)>,
                <WithStyles(TableCell)
                  padding="none"
                >
                  <WithStyles(TableSortLabel)
                    active={true}
                    direction="asc"
                    onClick={[Function]}
                  >
                    Difference
                  </WithStyles(TableSortLabel)>
                </WithStyles(TableCell)>,
                <WithStyles(TableCell)
                  padding="none"
                >
                  <WithStyles(TableSortLabel)
                    active={true}
                    direction="asc"
                    onClick={[Function]}
                  >
                    Points
                  </WithStyles(TableSortLabel)>
                </WithStyles(TableCell)>,
              ],
            },
            "ref": null,
            "rendered": Array [
              Object {
                "instance": null,
                "key": "position",
                "nodeType": "class",
                "props": Object {
                  "children": <WithStyles(TableSortLabel)
                    active={true}
                    direction="asc"
                    onClick={[Function]}
                  >
                    Position
                  </WithStyles(TableSortLabel)>,
                  "padding": "none",
                },
                "ref": null,
                "rendered": Object {
                  "instance": null,
                  "key": undefined,
                  "nodeType": "class",
                  "props": Object {
                    "active": true,
                    "children": "Position",
                    "direction": "asc",
                    "onClick": [Function],
                  },
                  "ref": null,
                  "rendered": "Position",
                  "type": [Function],
                },
                "type": [Function],
              },
              Object {
                "instance": null,
                "key": "name",
                "nodeType": "class",
                "props": Object {
                  "children": <WithStyles(TableSortLabel)
                    active={true}
                    direction="asc"
                    onClick={[Function]}
                  >
                    Team name
                  </WithStyles(TableSortLabel)>,
                  "padding": "none",
                },
                "ref": null,
                "rendered": Object {
                  "instance": null,
                  "key": undefined,
                  "nodeType": "class",
                  "props": Object {
                    "active": true,
                    "children": "Team name",
                    "direction": "asc",
                    "onClick": [Function],
                  },
                  "ref": null,
                  "rendered": "Team name",
                  "type": [Function],
                },
                "type": [Function],
              },
              Object {
                "instance": null,
                "key": "played",
                "nodeType": "class",
                "props": Object {
                  "children": <WithStyles(TableSortLabel)
                    active={true}
                    direction="asc"
                    onClick={[Function]}
                  >
                    Played
                  </WithStyles(TableSortLabel)>,
                  "padding": "none",
                },
                "ref": null,
                "rendered": Object {
                  "instance": null,
                  "key": undefined,
                  "nodeType": "class",
                  "props": Object {
                    "active": true,
                    "children": "Played",
                    "direction": "asc",
                    "onClick": [Function],
                  },
                  "ref": null,
                  "rendered": "Played",
                  "type": [Function],
                },
                "type": [Function],
              },
              Object {
                "instance": null,
                "key": "won",
                "nodeType": "class",
                "props": Object {
                  "children": <WithStyles(TableSortLabel)
                    active={true}
                    direction="asc"
                    onClick={[Function]}
                  >
                    Won
                  </WithStyles(TableSortLabel)>,
                  "padding": "none",
                },
                "ref": null,
                "rendered": Object {
                  "instance": null,
                  "key": undefined,
                  "nodeType": "class",
                  "props": Object {
                    "active": true,
                    "children": "Won",
                    "direction": "asc",
                    "onClick": [Function],
                  },
                  "ref": null,
                  "rendered": "Won",
                  "type": [Function],
                },
                "type": [Function],
              },
              Object {
                "instance": null,
                "key": "draw",
                "nodeType": "class",
                "props": Object {
                  "children": <WithStyles(TableSortLabel)
                    active={true}
                    direction="asc"
                    onClick={[Function]}
                  >
                    Drawn
                  </WithStyles(TableSortLabel)>,
                  "padding": "none",
                },
                "ref": null,
                "rendered": Object {
                  "instance": null,
                  "key": undefined,
                  "nodeType": "class",
                  "props": Object {
                    "active": true,
                    "children": "Drawn",
                    "direction": "asc",
                    "onClick": [Function],
                  },
                  "ref": null,
                  "rendered": "Drawn",
                  "type": [Function],
                },
                "type": [Function],
              },
              Object {
                "instance": null,
                "key": "lost",
                "nodeType": "class",
                "props": Object {
                  "children": <WithStyles(TableSortLabel)
                    active={true}
                    direction="asc"
                    onClick={[Function]}
                  >
                    Lost
                  </WithStyles(TableSortLabel)>,
                  "padding": "none",
                },
                "ref": null,
                "rendered": Object {
                  "instance": null,
                  "key": undefined,
                  "nodeType": "class",
                  "props": Object {
                    "active": true,
                    "children": "Lost",
                    "direction": "asc",
                    "onClick": [Function],
                  },
                  "ref": null,
                  "rendered": "Lost",
                  "type": [Function],
                },
                "type": [Function],
              },
              Object {
                "instance": null,
                "key": "goal",
                "nodeType": "class",
                "props": Object {
                  "children": <WithStyles(TableSortLabel)
                    active={true}
                    direction="asc"
                    onClick={[Function]}
                  >
                    Goal
                  </WithStyles(TableSortLabel)>,
                  "padding": "none",
                },
                "ref": null,
                "rendered": Object {
                  "instance": null,
                  "key": undefined,
                  "nodeType": "class",
                  "props": Object {
                    "active": true,
                    "children": "Goal",
                    "direction": "asc",
                    "onClick": [Function],
                  },
                  "ref": null,
                  "rendered": "Goal",
                  "type": [Function],
                },
                "type": [Function],
              },
              Object {
                "instance": null,
                "key": "difference",
                "nodeType": "class",
                "props": Object {
                  "children": <WithStyles(TableSortLabel)
                    active={true}
                    direction="asc"
                    onClick={[Function]}
                  >
                    Difference
                  </WithStyles(TableSortLabel)>,
                  "padding": "none",
                },
                "ref": null,
                "rendered": Object {
                  "instance": null,
                  "key": undefined,
                  "nodeType": "class",
                  "props": Object {
                    "active": true,
                    "children": "Difference",
                    "direction": "asc",
                    "onClick": [Function],
                  },
                  "ref": null,
                  "rendered": "Difference",
                  "type": [Function],
                },
                "type": [Function],
              },
              Object {
                "instance": null,
                "key": "points",
                "nodeType": "class",
                "props": Object {
                  "children": <WithStyles(TableSortLabel)
                    active={true}
                    direction="asc"
                    onClick={[Function]}
                  >
                    Points
                  </WithStyles(TableSortLabel)>,
                  "padding": "none",
                },
                "ref": null,
                "rendered": Object {
                  "instance": null,
                  "key": undefined,
                  "nodeType": "class",
                  "props": Object {
                    "active": true,
                    "children": "Points",
                    "direction": "asc",
                    "onClick": [Function],
                  },
                  "ref": null,
                  "rendered": "Points",
                  "type": [Function],
                },
                "type": [Function],
              },
            ],
            "type": [Function],
          },
          "type": [Function],
        },
        Object {
          "instance": null,
          "key": undefined,
          "nodeType": "class",
          "props": Object {
            "children": Array [
              <WithStyles(TableRow)>
                <WithStyles(TableCell)
                  padding="none"
                >
                  1
                </WithStyles(TableCell)>
                <WithStyles(TableCell)
                  padding="none"
                >
                  <styled.button
                    disabled={false}
                    onClick={[Function]}
                  >
                    sample
                  </styled.button>
                </WithStyles(TableCell)>
                <WithStyles(TableCell)
                  padding="none"
                >
                  3
                </WithStyles(TableCell)>
                <WithStyles(TableCell)
                  padding="none"
                >
                  4
                </WithStyles(TableCell)>
                <WithStyles(TableCell)
                  padding="none"
                >
                  5
                </WithStyles(TableCell)>
                <WithStyles(TableCell)
                  padding="none"
                >
                  6
                </WithStyles(TableCell)>
                <WithStyles(TableCell)
                  padding="none"
                >
                  7
                </WithStyles(TableCell)>
                <WithStyles(TableCell)
                  padding="none"
                >
                  +8
                </WithStyles(TableCell)>
                <WithStyles(TableCell)
                  padding="none"
                >
                  9
                </WithStyles(TableCell)>
              </WithStyles(TableRow)>,
              <WithStyles(TableRow)>
                <WithStyles(TableCell)
                  padding="none"
                >
                  10
                </WithStyles(TableCell)>
                <WithStyles(TableCell)
                  padding="none"
                >
                  <styled.button
                    disabled={false}
                    onClick={[Function]}
                  >
                    sample2
                  </styled.button>
                </WithStyles(TableCell)>
                <WithStyles(TableCell)
                  padding="none"
                >
                  30
                </WithStyles(TableCell)>
                <WithStyles(TableCell)
                  padding="none"
                >
                  40
                </WithStyles(TableCell)>
                <WithStyles(TableCell)
                  padding="none"
                >
                  50
                </WithStyles(TableCell)>
                <WithStyles(TableCell)
                  padding="none"
                >
                  60
                </WithStyles(TableCell)>
                <WithStyles(TableCell)
                  padding="none"
                >
                  70
                </WithStyles(TableCell)>
                <WithStyles(TableCell)
                  padding="none"
                >
                  +80
                </WithStyles(TableCell)>
                <WithStyles(TableCell)
                  padding="none"
                >
                  90
                </WithStyles(TableCell)>
              </WithStyles(TableRow)>,
            ],
            "component": "tbody",
          },
          "ref": null,
          "rendered": Array [
            Object {
              "instance": null,
              "key": "1",
              "nodeType": "class",
              "props": Object {
                "children": Array [
                  <WithStyles(TableCell)
                    padding="none"
                  >
                    1
                  </WithStyles(TableCell)>,
                  <WithStyles(TableCell)
                    padding="none"
                  >
                    <styled.button
                      disabled={false}
                      onClick={[Function]}
                    >
                      sample
                    </styled.button>
                  </WithStyles(TableCell)>,
                  <WithStyles(TableCell)
                    padding="none"
                  >
                    3
                  </WithStyles(TableCell)>,
                  <WithStyles(TableCell)
                    padding="none"
                  >
                    4
                  </WithStyles(TableCell)>,
                  <WithStyles(TableCell)
                    padding="none"
                  >
                    5
                  </WithStyles(TableCell)>,
                  <WithStyles(TableCell)
                    padding="none"
                  >
                    6
                  </WithStyles(TableCell)>,
                  <WithStyles(TableCell)
                    padding="none"
                  >
                    7
                  </WithStyles(TableCell)>,
                  <WithStyles(TableCell)
                    padding="none"
                  >
                    +8
                  </WithStyles(TableCell)>,
                  <WithStyles(TableCell)
                    padding="none"
                  >
                    9
                  </WithStyles(TableCell)>,
                ],
              },
              "ref": null,
              "rendered": Array [
                Object {
                  "instance": null,
                  "key": undefined,
                  "nodeType": "class",
                  "props": Object {
                    "children": 1,
                    "padding": "none",
                  },
                  "ref": null,
                  "rendered": 1,
                  "type": [Function],
                },
                Object {
                  "instance": null,
                  "key": undefined,
                  "nodeType": "class",
                  "props": Object {
                    "children": <styled.button
                      disabled={false}
                      onClick={[Function]}
                    >
                      sample
                    </styled.button>,
                    "padding": "none",
                  },
                  "ref": null,
                  "rendered": Object {
                    "instance": null,
                    "key": undefined,
                    "nodeType": "class",
                    "props": Object {
                      "children": "sample",
                      "disabled": false,
                      "onClick": [Function],
                    },
                    "ref": null,
                    "rendered": "sample",
                    "type": [Function],
                  },
                  "type": [Function],
                },
                Object {
                  "instance": null,
                  "key": undefined,
                  "nodeType": "class",
                  "props": Object {
                    "children": 3,
                    "padding": "none",
                  },
                  "ref": null,
                  "rendered": 3,
                  "type": [Function],
                },
                Object {
                  "instance": null,
                  "key": undefined,
                  "nodeType": "class",
                  "props": Object {
                    "children": 4,
                    "padding": "none",
                  },
                  "ref": null,
                  "rendered": 4,
                  "type": [Function],
                },
                Object {
                  "instance": null,
                  "key": undefined,
                  "nodeType": "class",
                  "props": Object {
                    "children": 5,
                    "padding": "none",
                  },
                  "ref": null,
                  "rendered": 5,
                  "type": [Function],
                },
                Object {
                  "instance": null,
                  "key": undefined,
                  "nodeType": "class",
                  "props": Object {
                    "children": 6,
                    "padding": "none",
                  },
                  "ref": null,
                  "rendered": 6,
                  "type": [Function],
                },
                Object {
                  "instance": null,
                  "key": undefined,
                  "nodeType": "class",
                  "props": Object {
                    "children": 7,
                    "padding": "none",
                  },
                  "ref": null,
                  "rendered": 7,
                  "type": [Function],
                },
                Object {
                  "instance": null,
                  "key": undefined,
                  "nodeType": "class",
                  "props": Object {
                    "children": "+8",
                    "padding": "none",
                  },
                  "ref": null,
                  "rendered": "+8",
                  "type": [Function],
                },
                Object {
                  "instance": null,
                  "key": undefined,
                  "nodeType": "class",
                  "props": Object {
                    "children": 9,
                    "padding": "none",
                  },
                  "ref": null,
                  "rendered": 9,
                  "type": [Function],
                },
              ],
              "type": [Function],
            },
            Object {
              "instance": null,
              "key": "10",
              "nodeType": "class",
              "props": Object {
                "children": Array [
                  <WithStyles(TableCell)
                    padding="none"
                  >
                    10
                  </WithStyles(TableCell)>,
                  <WithStyles(TableCell)
                    padding="none"
                  >
                    <styled.button
                      disabled={false}
                      onClick={[Function]}
                    >
                      sample2
                    </styled.button>
                  </WithStyles(TableCell)>,
                  <WithStyles(TableCell)
                    padding="none"
                  >
                    30
                  </WithStyles(TableCell)>,
                  <WithStyles(TableCell)
                    padding="none"
                  >
                    40
                  </WithStyles(TableCell)>,
                  <WithStyles(TableCell)
                    padding="none"
                  >
                    50
                  </WithStyles(TableCell)>,
                  <WithStyles(TableCell)
                    padding="none"
                  >
                    60
                  </WithStyles(TableCell)>,
                  <WithStyles(TableCell)
                    padding="none"
                  >
                    70
                  </WithStyles(TableCell)>,
                  <WithStyles(TableCell)
                    padding="none"
                  >
                    +80
                  </WithStyles(TableCell)>,
                  <WithStyles(TableCell)
                    padding="none"
                  >
                    90
                  </WithStyles(TableCell)>,
                ],
              },
              "ref": null,
              "rendered": Array [
                Object {
                  "instance": null,
                  "key": undefined,
                  "nodeType": "class",
                  "props": Object {
                    "children": 10,
                    "padding": "none",
                  },
                  "ref": null,
                  "rendered": 10,
                  "type": [Function],
                },
                Object {
                  "instance": null,
                  "key": undefined,
                  "nodeType": "class",
                  "props": Object {
                    "children": <styled.button
                      disabled={false}
                      onClick={[Function]}
                    >
                      sample2
                    </styled.button>,
                    "padding": "none",
                  },
                  "ref": null,
                  "rendered": Object {
                    "instance": null,
                    "key": undefined,
                    "nodeType": "class",
                    "props": Object {
                      "children": "sample2",
                      "disabled": false,
                      "onClick": [Function],
                    },
                    "ref": null,
                    "rendered": "sample2",
                    "type": [Function],
                  },
                  "type": [Function],
                },
                Object {
                  "instance": null,
                  "key": undefined,
                  "nodeType": "class",
                  "props": Object {
                    "children": 30,
                    "padding": "none",
                  },
                  "ref": null,
                  "rendered": 30,
                  "type": [Function],
                },
                Object {
                  "instance": null,
                  "key": undefined,
                  "nodeType": "class",
                  "props": Object {
                    "children": 40,
                    "padding": "none",
                  },
                  "ref": null,
                  "rendered": 40,
                  "type": [Function],
                },
                Object {
                  "instance": null,
                  "key": undefined,
                  "nodeType": "class",
                  "props": Object {
                    "children": 50,
                    "padding": "none",
                  },
                  "ref": null,
                  "rendered": 50,
                  "type": [Function],
                },
                Object {
                  "instance": null,
                  "key": undefined,
                  "nodeType": "class",
                  "props": Object {
                    "children": 60,
                    "padding": "none",
                  },
                  "ref": null,
                  "rendered": 60,
                  "type": [Function],
                },
                Object {
                  "instance": null,
                  "key": undefined,
                  "nodeType": "class",
                  "props": Object {
                    "children": 70,
                    "padding": "none",
                  },
                  "ref": null,
                  "rendered": 70,
                  "type": [Function],
                },
                Object {
                  "instance": null,
                  "key": undefined,
                  "nodeType": "class",
                  "props": Object {
                    "children": "+80",
                    "padding": "none",
                  },
                  "ref": null,
                  "rendered": "+80",
                  "type": [Function],
                },
                Object {
                  "instance": null,
                  "key": undefined,
                  "nodeType": "class",
                  "props": Object {
                    "children": 90,
                    "padding": "none",
                  },
                  "ref": null,
                  "rendered": 90,
                  "type": [Function],
                },
              ],
              "type": [Function],
            },
          ],
          "type": [Function],
        },
      ],
      "type": [Function],
    },
    "type": "div",
  },
  Symbol(enzyme.__nodes__): Array [
    Object {
      "instance": null,
      "key": undefined,
      "nodeType": "host",
      "props": Object {
        "children": <WithStyles(Table)>
          <TableHead
            component="thead"
          >
            <WithStyles(TableRow)>
              <WithStyles(TableCell)
                padding="none"
              >
                <WithStyles(TableSortLabel)
                  active={true}
                  direction="asc"
                  onClick={[Function]}
                >
                  Position
                </WithStyles(TableSortLabel)>
              </WithStyles(TableCell)>
              <WithStyles(TableCell)
                padding="none"
              >
                <WithStyles(TableSortLabel)
                  active={true}
                  direction="asc"
                  onClick={[Function]}
                >
                  Team name
                </WithStyles(TableSortLabel)>
              </WithStyles(TableCell)>
              <WithStyles(TableCell)
                padding="none"
              >
                <WithStyles(TableSortLabel)
                  active={true}
                  direction="asc"
                  onClick={[Function]}
                >
                  Played
                </WithStyles(TableSortLabel)>
              </WithStyles(TableCell)>
              <WithStyles(TableCell)
                padding="none"
              >
                <WithStyles(TableSortLabel)
                  active={true}
                  direction="asc"
                  onClick={[Function]}
                >
                  Won
                </WithStyles(TableSortLabel)>
              </WithStyles(TableCell)>
              <WithStyles(TableCell)
                padding="none"
              >
                <WithStyles(TableSortLabel)
                  active={true}
                  direction="asc"
                  onClick={[Function]}
                >
                  Drawn
                </WithStyles(TableSortLabel)>
              </WithStyles(TableCell)>
              <WithStyles(TableCell)
                padding="none"
              >
                <WithStyles(TableSortLabel)
                  active={true}
                  direction="asc"
                  onClick={[Function]}
                >
                  Lost
                </WithStyles(TableSortLabel)>
              </WithStyles(TableCell)>
              <WithStyles(TableCell)
                padding="none"
              >
                <WithStyles(TableSortLabel)
                  active={true}
                  direction="asc"
                  onClick={[Function]}
                >
                  Goal
                </WithStyles(TableSortLabel)>
              </WithStyles(TableCell)>
              <WithStyles(TableCell)
                padding="none"
              >
                <WithStyles(TableSortLabel)
                  active={true}
                  direction="asc"
                  onClick={[Function]}
                >
                  Difference
                </WithStyles(TableSortLabel)>
              </WithStyles(TableCell)>
              <WithStyles(TableCell)
                padding="none"
              >
                <WithStyles(TableSortLabel)
                  active={true}
                  direction="asc"
                  onClick={[Function]}
                >
                  Points
                </WithStyles(TableSortLabel)>
              </WithStyles(TableCell)>
            </WithStyles(TableRow)>
          </TableHead>
          <TableBody
            component="tbody"
          >
            <WithStyles(TableRow)>
              <WithStyles(TableCell)
                padding="none"
              >
                1
              </WithStyles(TableCell)>
              <WithStyles(TableCell)
                padding="none"
              >
                <styled.button
                  disabled={false}
                  onClick={[Function]}
                >
                  sample
                </styled.button>
              </WithStyles(TableCell)>
              <WithStyles(TableCell)
                padding="none"
              >
                3
              </WithStyles(TableCell)>
              <WithStyles(TableCell)
                padding="none"
              >
                4
              </WithStyles(TableCell)>
              <WithStyles(TableCell)
                padding="none"
              >
                5
              </WithStyles(TableCell)>
              <WithStyles(TableCell)
                padding="none"
              >
                6
              </WithStyles(TableCell)>
              <WithStyles(TableCell)
                padding="none"
              >
                7
              </WithStyles(TableCell)>
              <WithStyles(TableCell)
                padding="none"
              >
                +8
              </WithStyles(TableCell)>
              <WithStyles(TableCell)
                padding="none"
              >
                9
              </WithStyles(TableCell)>
            </WithStyles(TableRow)>
            <WithStyles(TableRow)>
              <WithStyles(TableCell)
                padding="none"
              >
                10
              </WithStyles(TableCell)>
              <WithStyles(TableCell)
                padding="none"
              >
                <styled.button
                  disabled={false}
                  onClick={[Function]}
                >
                  sample2
                </styled.button>
              </WithStyles(TableCell)>
              <WithStyles(TableCell)
                padding="none"
              >
                30
              </WithStyles(TableCell)>
              <WithStyles(TableCell)
                padding="none"
              >
                40
              </WithStyles(TableCell)>
              <WithStyles(TableCell)
                padding="none"
              >
                50
              </WithStyles(TableCell)>
              <WithStyles(TableCell)
                padding="none"
              >
                60
              </WithStyles(TableCell)>
              <WithStyles(TableCell)
                padding="none"
              >
                70
              </WithStyles(TableCell)>
              <WithStyles(TableCell)
                padding="none"
              >
                +80
              </WithStyles(TableCell)>
              <WithStyles(TableCell)
                padding="none"
              >
                90
              </WithStyles(TableCell)>
            </WithStyles(TableRow)>
          </TableBody>
        </WithStyles(Table)>,
      },
      "ref": null,
      "rendered": Object {
        "instance": null,
        "key": undefined,
        "nodeType": "class",
        "props": Object {
          "children": Array [
            <TableHead
              component="thead"
            >
              <WithStyles(TableRow)>
                <WithStyles(TableCell)
                  padding="none"
                >
                  <WithStyles(TableSortLabel)
                    active={true}
                    direction="asc"
                    onClick={[Function]}
                  >
                    Position
                  </WithStyles(TableSortLabel)>
                </WithStyles(TableCell)>
                <WithStyles(TableCell)
                  padding="none"
                >
                  <WithStyles(TableSortLabel)
                    active={true}
                    direction="asc"
                    onClick={[Function]}
                  >
                    Team name
                  </WithStyles(TableSortLabel)>
                </WithStyles(TableCell)>
                <WithStyles(TableCell)
                  padding="none"
                >
                  <WithStyles(TableSortLabel)
                    active={true}
                    direction="asc"
                    onClick={[Function]}
                  >
                    Played
                  </WithStyles(TableSortLabel)>
                </WithStyles(TableCell)>
                <WithStyles(TableCell)
                  padding="none"
                >
                  <WithStyles(TableSortLabel)
                    active={true}
                    direction="asc"
                    onClick={[Function]}
                  >
                    Won
                  </WithStyles(TableSortLabel)>
                </WithStyles(TableCell)>
                <WithStyles(TableCell)
                  padding="none"
                >
                  <WithStyles(TableSortLabel)
                    active={true}
                    direction="asc"
                    onClick={[Function]}
                  >
                    Drawn
                  </WithStyles(TableSortLabel)>
                </WithStyles(TableCell)>
                <WithStyles(TableCell)
                  padding="none"
                >
                  <WithStyles(TableSortLabel)
                    active={true}
                    direction="asc"
                    onClick={[Function]}
                  >
                    Lost
                  </WithStyles(TableSortLabel)>
                </WithStyles(TableCell)>
                <WithStyles(TableCell)
                  padding="none"
                >
                  <WithStyles(TableSortLabel)
                    active={true}
                    direction="asc"
                    onClick={[Function]}
                  >
                    Goal
                  </WithStyles(TableSortLabel)>
                </WithStyles(TableCell)>
                <WithStyles(TableCell)
                  padding="none"
                >
                  <WithStyles(TableSortLabel)
                    active={true}
                    direction="asc"
                    onClick={[Function]}
                  >
                    Difference
                  </WithStyles(TableSortLabel)>
                </WithStyles(TableCell)>
                <WithStyles(TableCell)
                  padding="none"
                >
                  <WithStyles(TableSortLabel)
                    active={true}
                    direction="asc"
                    onClick={[Function]}
                  >
                    Points
                  </WithStyles(TableSortLabel)>
                </WithStyles(TableCell)>
              </WithStyles(TableRow)>
            </TableHead>,
            <TableBody
              component="tbody"
            >
              <WithStyles(TableRow)>
                <WithStyles(TableCell)
                  padding="none"
                >
                  1
                </WithStyles(TableCell)>
                <WithStyles(TableCell)
                  padding="none"
                >
                  <styled.button
                    disabled={false}
                    onClick={[Function]}
                  >
                    sample
                  </styled.button>
                </WithStyles(TableCell)>
                <WithStyles(TableCell)
                  padding="none"
                >
                  3
                </WithStyles(TableCell)>
                <WithStyles(TableCell)
                  padding="none"
                >
                  4
                </WithStyles(TableCell)>
                <WithStyles(TableCell)
                  padding="none"
                >
                  5
                </WithStyles(TableCell)>
                <WithStyles(TableCell)
                  padding="none"
                >
                  6
                </WithStyles(TableCell)>
                <WithStyles(TableCell)
                  padding="none"
                >
                  7
                </WithStyles(TableCell)>
                <WithStyles(TableCell)
                  padding="none"
                >
                  +8
                </WithStyles(TableCell)>
                <WithStyles(TableCell)
                  padding="none"
                >
                  9
                </WithStyles(TableCell)>
              </WithStyles(TableRow)>
              <WithStyles(TableRow)>
                <WithStyles(TableCell)
                  padding="none"
                >
                  10
                </WithStyles(TableCell)>
                <WithStyles(TableCell)
                  padding="none"
                >
                  <styled.button
                    disabled={false}
                    onClick={[Function]}
                  >
                    sample2
                  </styled.button>
                </WithStyles(TableCell)>
                <WithStyles(TableCell)
                  padding="none"
                >
                  30
                </WithStyles(TableCell)>
                <WithStyles(TableCell)
                  padding="none"
                >
                  40
                </WithStyles(TableCell)>
                <WithStyles(TableCell)
                  padding="none"
                >
                  50
                </WithStyles(TableCell)>
                <WithStyles(TableCell)
                  padding="none"
                >
                  60
                </WithStyles(TableCell)>
                <WithStyles(TableCell)
                  padding="none"
                >
                  70
                </WithStyles(TableCell)>
                <WithStyles(TableCell)
                  padding="none"
                >
                  +80
                </WithStyles(TableCell)>
                <WithStyles(TableCell)
                  padding="none"
                >
                  90
                </WithStyles(TableCell)>
              </WithStyles(TableRow)>
            </TableBody>,
          ],
        },
        "ref": null,
        "rendered": Array [
          Object {
            "instance": null,
            "key": undefined,
            "nodeType": "class",
            "props": Object {
              "children": <WithStyles(TableRow)>
                <WithStyles(TableCell)
                  padding="none"
                >
                  <WithStyles(TableSortLabel)
                    active={true}
                    direction="asc"
                    onClick={[Function]}
                  >
                    Position
                  </WithStyles(TableSortLabel)>
                </WithStyles(TableCell)>
                <WithStyles(TableCell)
                  padding="none"
                >
                  <WithStyles(TableSortLabel)
                    active={true}
                    direction="asc"
                    onClick={[Function]}
                  >
                    Team name
                  </WithStyles(TableSortLabel)>
                </WithStyles(TableCell)>
                <WithStyles(TableCell)
                  padding="none"
                >
                  <WithStyles(TableSortLabel)
                    active={true}
                    direction="asc"
                    onClick={[Function]}
                  >
                    Played
                  </WithStyles(TableSortLabel)>
                </WithStyles(TableCell)>
                <WithStyles(TableCell)
                  padding="none"
                >
                  <WithStyles(TableSortLabel)
                    active={true}
                    direction="asc"
                    onClick={[Function]}
                  >
                    Won
                  </WithStyles(TableSortLabel)>
                </WithStyles(TableCell)>
                <WithStyles(TableCell)
                  padding="none"
                >
                  <WithStyles(TableSortLabel)
                    active={true}
                    direction="asc"
                    onClick={[Function]}
                  >
                    Drawn
                  </WithStyles(TableSortLabel)>
                </WithStyles(TableCell)>
                <WithStyles(TableCell)
                  padding="none"
                >
                  <WithStyles(TableSortLabel)
                    active={true}
                    direction="asc"
                    onClick={[Function]}
                  >
                    Lost
                  </WithStyles(TableSortLabel)>
                </WithStyles(TableCell)>
                <WithStyles(TableCell)
                  padding="none"
                >
                  <WithStyles(TableSortLabel)
                    active={true}
                    direction="asc"
                    onClick={[Function]}
                  >
                    Goal
                  </WithStyles(TableSortLabel)>
                </WithStyles(TableCell)>
                <WithStyles(TableCell)
                  padding="none"
                >
                  <WithStyles(TableSortLabel)
                    active={true}
                    direction="asc"
                    onClick={[Function]}
                  >
                    Difference
                  </WithStyles(TableSortLabel)>
                </WithStyles(TableCell)>
                <WithStyles(TableCell)
                  padding="none"
                >
                  <WithStyles(TableSortLabel)
                    active={true}
                    direction="asc"
                    onClick={[Function]}
                  >
                    Points
                  </WithStyles(TableSortLabel)>
                </WithStyles(TableCell)>
              </WithStyles(TableRow)>,
              "component": "thead",
            },
            "ref": null,
            "rendered": Object {
              "instance": null,
              "key": undefined,
              "nodeType": "class",
              "props": Object {
                "children": Array [
                  <WithStyles(TableCell)
                    padding="none"
                  >
                    <WithStyles(TableSortLabel)
                      active={true}
                      direction="asc"
                      onClick={[Function]}
                    >
                      Position
                    </WithStyles(TableSortLabel)>
                  </WithStyles(TableCell)>,
                  <WithStyles(TableCell)
                    padding="none"
                  >
                    <WithStyles(TableSortLabel)
                      active={true}
                      direction="asc"
                      onClick={[Function]}
                    >
                      Team name
                    </WithStyles(TableSortLabel)>
                  </WithStyles(TableCell)>,
                  <WithStyles(TableCell)
                    padding="none"
                  >
                    <WithStyles(TableSortLabel)
                      active={true}
                      direction="asc"
                      onClick={[Function]}
                    >
                      Played
                    </WithStyles(TableSortLabel)>
                  </WithStyles(TableCell)>,
                  <WithStyles(TableCell)
                    padding="none"
                  >
                    <WithStyles(TableSortLabel)
                      active={true}
                      direction="asc"
                      onClick={[Function]}
                    >
                      Won
                    </WithStyles(TableSortLabel)>
                  </WithStyles(TableCell)>,
                  <WithStyles(TableCell)
                    padding="none"
                  >
                    <WithStyles(TableSortLabel)
                      active={true}
                      direction="asc"
                      onClick={[Function]}
                    >
                      Drawn
                    </WithStyles(TableSortLabel)>
                  </WithStyles(TableCell)>,
                  <WithStyles(TableCell)
                    padding="none"
                  >
                    <WithStyles(TableSortLabel)
                      active={true}
                      direction="asc"
                      onClick={[Function]}
                    >
                      Lost
                    </WithStyles(TableSortLabel)>
                  </WithStyles(TableCell)>,
                  <WithStyles(TableCell)
                    padding="none"
                  >
                    <WithStyles(TableSortLabel)
                      active={true}
                      direction="asc"
                      onClick={[Function]}
                    >
                      Goal
                    </WithStyles(TableSortLabel)>
                  </WithStyles(TableCell)>,
                  <WithStyles(TableCell)
                    padding="none"
                  >
                    <WithStyles(TableSortLabel)
                      active={true}
                      direction="asc"
                      onClick={[Function]}
                    >
                      Difference
                    </WithStyles(TableSortLabel)>
                  </WithStyles(TableCell)>,
                  <WithStyles(TableCell)
                    padding="none"
                  >
                    <WithStyles(TableSortLabel)
                      active={true}
                      direction="asc"
                      onClick={[Function]}
                    >
                      Points
                    </WithStyles(TableSortLabel)>
                  </WithStyles(TableCell)>,
                ],
              },
              "ref": null,
              "rendered": Array [
                Object {
                  "instance": null,
                  "key": "position",
                  "nodeType": "class",
                  "props": Object {
                    "children": <WithStyles(TableSortLabel)
                      active={true}
                      direction="asc"
                      onClick={[Function]}
                    >
                      Position
                    </WithStyles(TableSortLabel)>,
                    "padding": "none",
                  },
                  "ref": null,
                  "rendered": Object {
                    "instance": null,
                    "key": undefined,
                    "nodeType": "class",
                    "props": Object {
                      "active": true,
                      "children": "Position",
                      "direction": "asc",
                      "onClick": [Function],
                    },
                    "ref": null,
                    "rendered": "Position",
                    "type": [Function],
                  },
                  "type": [Function],
                },
                Object {
                  "instance": null,
                  "key": "name",
                  "nodeType": "class",
                  "props": Object {
                    "children": <WithStyles(TableSortLabel)
                      active={true}
                      direction="asc"
                      onClick={[Function]}
                    >
                      Team name
                    </WithStyles(TableSortLabel)>,
                    "padding": "none",
                  },
                  "ref": null,
                  "rendered": Object {
                    "instance": null,
                    "key": undefined,
                    "nodeType": "class",
                    "props": Object {
                      "active": true,
                      "children": "Team name",
                      "direction": "asc",
                      "onClick": [Function],
                    },
                    "ref": null,
                    "rendered": "Team name",
                    "type": [Function],
                  },
                  "type": [Function],
                },
                Object {
                  "instance": null,
                  "key": "played",
                  "nodeType": "class",
                  "props": Object {
                    "children": <WithStyles(TableSortLabel)
                      active={true}
                      direction="asc"
                      onClick={[Function]}
                    >
                      Played
                    </WithStyles(TableSortLabel)>,
                    "padding": "none",
                  },
                  "ref": null,
                  "rendered": Object {
                    "instance": null,
                    "key": undefined,
                    "nodeType": "class",
                    "props": Object {
                      "active": true,
                      "children": "Played",
                      "direction": "asc",
                      "onClick": [Function],
                    },
                    "ref": null,
                    "rendered": "Played",
                    "type": [Function],
                  },
                  "type": [Function],
                },
                Object {
                  "instance": null,
                  "key": "won",
                  "nodeType": "class",
                  "props": Object {
                    "children": <WithStyles(TableSortLabel)
                      active={true}
                      direction="asc"
                      onClick={[Function]}
                    >
                      Won
                    </WithStyles(TableSortLabel)>,
                    "padding": "none",
                  },
                  "ref": null,
                  "rendered": Object {
                    "instance": null,
                    "key": undefined,
                    "nodeType": "class",
                    "props": Object {
                      "active": true,
                      "children": "Won",
                      "direction": "asc",
                      "onClick": [Function],
                    },
                    "ref": null,
                    "rendered": "Won",
                    "type": [Function],
                  },
                  "type": [Function],
                },
                Object {
                  "instance": null,
                  "key": "draw",
                  "nodeType": "class",
                  "props": Object {
                    "children": <WithStyles(TableSortLabel)
                      active={true}
                      direction="asc"
                      onClick={[Function]}
                    >
                      Drawn
                    </WithStyles(TableSortLabel)>,
                    "padding": "none",
                  },
                  "ref": null,
                  "rendered": Object {
                    "instance": null,
                    "key": undefined,
                    "nodeType": "class",
                    "props": Object {
                      "active": true,
                      "children": "Drawn",
                      "direction": "asc",
                      "onClick": [Function],
                    },
                    "ref": null,
                    "rendered": "Drawn",
                    "type": [Function],
                  },
                  "type": [Function],
                },
                Object {
                  "instance": null,
                  "key": "lost",
                  "nodeType": "class",
                  "props": Object {
                    "children": <WithStyles(TableSortLabel)
                      active={true}
                      direction="asc"
                      onClick={[Function]}
                    >
                      Lost
                    </WithStyles(TableSortLabel)>,
                    "padding": "none",
                  },
                  "ref": null,
                  "rendered": Object {
                    "instance": null,
                    "key": undefined,
                    "nodeType": "class",
                    "props": Object {
                      "active": true,
                      "children": "Lost",
                      "direction": "asc",
                      "onClick": [Function],
                    },
                    "ref": null,
                    "rendered": "Lost",
                    "type": [Function],
                  },
                  "type": [Function],
                },
                Object {
                  "instance": null,
                  "key": "goal",
                  "nodeType": "class",
                  "props": Object {
                    "children": <WithStyles(TableSortLabel)
                      active={true}
                      direction="asc"
                      onClick={[Function]}
                    >
                      Goal
                    </WithStyles(TableSortLabel)>,
                    "padding": "none",
                  },
                  "ref": null,
                  "rendered": Object {
                    "instance": null,
                    "key": undefined,
                    "nodeType": "class",
                    "props": Object {
                      "active": true,
                      "children": "Goal",
                      "direction": "asc",
                      "onClick": [Function],
                    },
                    "ref": null,
                    "rendered": "Goal",
                    "type": [Function],
                  },
                  "type": [Function],
                },
                Object {
                  "instance": null,
                  "key": "difference",
                  "nodeType": "class",
                  "props": Object {
                    "children": <WithStyles(TableSortLabel)
                      active={true}
                      direction="asc"
                      onClick={[Function]}
                    >
                      Difference
                    </WithStyles(TableSortLabel)>,
                    "padding": "none",
                  },
                  "ref": null,
                  "rendered": Object {
                    "instance": null,
                    "key": undefined,
                    "nodeType": "class",
                    "props": Object {
                      "active": true,
                      "children": "Difference",
                      "direction": "asc",
                      "onClick": [Function],
                    },
                    "ref": null,
                    "rendered": "Difference",
                    "type": [Function],
                  },
                  "type": [Function],
                },
                Object {
                  "instance": null,
                  "key": "points",
                  "nodeType": "class",
                  "props": Object {
                    "children": <WithStyles(TableSortLabel)
                      active={true}
                      direction="asc"
                      onClick={[Function]}
                    >
                      Points
                    </WithStyles(TableSortLabel)>,
                    "padding": "none",
                  },
                  "ref": null,
                  "rendered": Object {
                    "instance": null,
                    "key": undefined,
                    "nodeType": "class",
                    "props": Object {
                      "active": true,
                      "children": "Points",
                      "direction": "asc",
                      "onClick": [Function],
                    },
                    "ref": null,
                    "rendered": "Points",
                    "type": [Function],
                  },
                  "type": [Function],
                },
              ],
              "type": [Function],
            },
            "type": [Function],
          },
          Object {
            "instance": null,
            "key": undefined,
            "nodeType": "class",
            "props": Object {
              "children": Array [
                <WithStyles(TableRow)>
                  <WithStyles(TableCell)
                    padding="none"
                  >
                    1
                  </WithStyles(TableCell)>
                  <WithStyles(TableCell)
                    padding="none"
                  >
                    <styled.button
                      disabled={false}
                      onClick={[Function]}
                    >
                      sample
                    </styled.button>
                  </WithStyles(TableCell)>
                  <WithStyles(TableCell)
                    padding="none"
                  >
                    3
                  </WithStyles(TableCell)>
                  <WithStyles(TableCell)
                    padding="none"
                  >
                    4
                  </WithStyles(TableCell)>
                  <WithStyles(TableCell)
                    padding="none"
                  >
                    5
                  </WithStyles(TableCell)>
                  <WithStyles(TableCell)
                    padding="none"
                  >
                    6
                  </WithStyles(TableCell)>
                  <WithStyles(TableCell)
                    padding="none"
                  >
                    7
                  </WithStyles(TableCell)>
                  <WithStyles(TableCell)
                    padding="none"
                  >
                    +8
                  </WithStyles(TableCell)>
                  <WithStyles(TableCell)
                    padding="none"
                  >
                    9
                  </WithStyles(TableCell)>
                </WithStyles(TableRow)>,
                <WithStyles(TableRow)>
                  <WithStyles(TableCell)
                    padding="none"
                  >
                    10
                  </WithStyles(TableCell)>
                  <WithStyles(TableCell)
                    padding="none"
                  >
                    <styled.button
                      disabled={false}
                      onClick={[Function]}
                    >
                      sample2
                    </styled.button>
                  </WithStyles(TableCell)>
                  <WithStyles(TableCell)
                    padding="none"
                  >
                    30
                  </WithStyles(TableCell)>
                  <WithStyles(TableCell)
                    padding="none"
                  >
                    40
                  </WithStyles(TableCell)>
                  <WithStyles(TableCell)
                    padding="none"
                  >
                    50
                  </WithStyles(TableCell)>
                  <WithStyles(TableCell)
                    padding="none"
                  >
                    60
                  </WithStyles(TableCell)>
                  <WithStyles(TableCell)
                    padding="none"
                  >
                    70
                  </WithStyles(TableCell)>
                  <WithStyles(TableCell)
                    padding="none"
                  >
                    +80
                  </WithStyles(TableCell)>
                  <WithStyles(TableCell)
                    padding="none"
                  >
                    90
                  </WithStyles(TableCell)>
                </WithStyles(TableRow)>,
              ],
              "component": "tbody",
            },
            "ref": null,
            "rendered": Array [
              Object {
                "instance": null,
                "key": "1",
                "nodeType": "class",
                "props": Object {
                  "children": Array [
                    <WithStyles(TableCell)
                      padding="none"
                    >
                      1
                    </WithStyles(TableCell)>,
                    <WithStyles(TableCell)
                      padding="none"
                    >
                      <styled.button
                        disabled={false}
                        onClick={[Function]}
                      >
                        sample
                      </styled.button>
                    </WithStyles(TableCell)>,
                    <WithStyles(TableCell)
                      padding="none"
                    >
                      3
                    </WithStyles(TableCell)>,
                    <WithStyles(TableCell)
                      padding="none"
                    >
                      4
                    </WithStyles(TableCell)>,
                    <WithStyles(TableCell)
                      padding="none"
                    >
                      5
                    </WithStyles(TableCell)>,
                    <WithStyles(TableCell)
                      padding="none"
                    >
                      6
                    </WithStyles(TableCell)>,
                    <WithStyles(TableCell)
                      padding="none"
                    >
                      7
                    </WithStyles(TableCell)>,
                    <WithStyles(TableCell)
                      padding="none"
                    >
                      +8
                    </WithStyles(TableCell)>,
                    <WithStyles(TableCell)
                      padding="none"
                    >
                      9
                    </WithStyles(TableCell)>,
                  ],
                },
                "ref": null,
                "rendered": Array [
                  Object {
                    "instance": null,
                    "key": undefined,
                    "nodeType": "class",
                    "props": Object {
                      "children": 1,
                      "padding": "none",
                    },
                    "ref": null,
                    "rendered": 1,
                    "type": [Function],
                  },
                  Object {
                    "instance": null,
                    "key": undefined,
                    "nodeType": "class",
                    "props": Object {
                      "children": <styled.button
                        disabled={false}
                        onClick={[Function]}
                      >
                        sample
                      </styled.button>,
                      "padding": "none",
                    },
                    "ref": null,
                    "rendered": Object {
                      "instance": null,
                      "key": undefined,
                      "nodeType": "class",
                      "props": Object {
                        "children": "sample",
                        "disabled": false,
                        "onClick": [Function],
                      },
                      "ref": null,
                      "rendered": "sample",
                      "type": [Function],
                    },
                    "type": [Function],
                  },
                  Object {
                    "instance": null,
                    "key": undefined,
                    "nodeType": "class",
                    "props": Object {
                      "children": 3,
                      "padding": "none",
                    },
                    "ref": null,
                    "rendered": 3,
                    "type": [Function],
                  },
                  Object {
                    "instance": null,
                    "key": undefined,
                    "nodeType": "class",
                    "props": Object {
                      "children": 4,
                      "padding": "none",
                    },
                    "ref": null,
                    "rendered": 4,
                    "type": [Function],
                  },
                  Object {
                    "instance": null,
                    "key": undefined,
                    "nodeType": "class",
                    "props": Object {
                      "children": 5,
                      "padding": "none",
                    },
                    "ref": null,
                    "rendered": 5,
                    "type": [Function],
                  },
                  Object {
                    "instance": null,
                    "key": undefined,
                    "nodeType": "class",
                    "props": Object {
                      "children": 6,
                      "padding": "none",
                    },
                    "ref": null,
                    "rendered": 6,
                    "type": [Function],
                  },
                  Object {
                    "instance": null,
                    "key": undefined,
                    "nodeType": "class",
                    "props": Object {
                      "children": 7,
                      "padding": "none",
                    },
                    "ref": null,
                    "rendered": 7,
                    "type": [Function],
                  },
                  Object {
                    "instance": null,
                    "key": undefined,
                    "nodeType": "class",
                    "props": Object {
                      "children": "+8",
                      "padding": "none",
                    },
                    "ref": null,
                    "rendered": "+8",
                    "type": [Function],
                  },
                  Object {
                    "instance": null,
                    "key": undefined,
                    "nodeType": "class",
                    "props": Object {
                      "children": 9,
                      "padding": "none",
                    },
                    "ref": null,
                    "rendered": 9,
                    "type": [Function],
                  },
                ],
                "type": [Function],
              },
              Object {
                "instance": null,
                "key": "10",
                "nodeType": "class",
                "props": Object {
                  "children": Array [
                    <WithStyles(TableCell)
                      padding="none"
                    >
                      10
                    </WithStyles(TableCell)>,
                    <WithStyles(TableCell)
                      padding="none"
                    >
                      <styled.button
                        disabled={false}
                        onClick={[Function]}
                      >
                        sample2
                      </styled.button>
                    </WithStyles(TableCell)>,
                    <WithStyles(TableCell)
                      padding="none"
                    >
                      30
                    </WithStyles(TableCell)>,
                    <WithStyles(TableCell)
                      padding="none"
                    >
                      40
                    </WithStyles(TableCell)>,
                    <WithStyles(TableCell)
                      padding="none"
                    >
                      50
                    </WithStyles(TableCell)>,
                    <WithStyles(TableCell)
                      padding="none"
                    >
                      60
                    </WithStyles(TableCell)>,
                    <WithStyles(TableCell)
                      padding="none"
                    >
                      70
                    </WithStyles(TableCell)>,
                    <WithStyles(TableCell)
                      padding="none"
                    >
                      +80
                    </WithStyles(TableCell)>,
                    <WithStyles(TableCell)
                      padding="none"
                    >
                      90
                    </WithStyles(TableCell)>,
                  ],
                },
                "ref": null,
                "rendered": Array [
                  Object {
                    "instance": null,
                    "key": undefined,
                    "nodeType": "class",
                    "props": Object {
                      "children": 10,
                      "padding": "none",
                    },
                    "ref": null,
                    "rendered": 10,
                    "type": [Function],
                  },
                  Object {
                    "instance": null,
                    "key": undefined,
                    "nodeType": "class",
                    "props": Object {
                      "children": <styled.button
                        disabled={false}
                        onClick={[Function]}
                      >
                        sample2
                      </styled.button>,
                      "padding": "none",
                    },
                    "ref": null,
                    "rendered": Object {
                      "instance": null,
                      "key": undefined,
                      "nodeType": "class",
                      "props": Object {
                        "children": "sample2",
                        "disabled": false,
                        "onClick": [Function],
                      },
                      "ref": null,
                      "rendered": "sample2",
                      "type": [Function],
                    },
                    "type": [Function],
                  },
                  Object {
                    "instance": null,
                    "key": undefined,
                    "nodeType": "class",
                    "props": Object {
                      "children": 30,
                      "padding": "none",
                    },
                    "ref": null,
                    "rendered": 30,
                    "type": [Function],
                  },
                  Object {
                    "instance": null,
                    "key": undefined,
                    "nodeType": "class",
                    "props": Object {
                      "children": 40,
                      "padding": "none",
                    },
                    "ref": null,
                    "rendered": 40,
                    "type": [Function],
                  },
                  Object {
                    "instance": null,
                    "key": undefined,
                    "nodeType": "class",
                    "props": Object {
                      "children": 50,
                      "padding": "none",
                    },
                    "ref": null,
                    "rendered": 50,
                    "type": [Function],
                  },
                  Object {
                    "instance": null,
                    "key": undefined,
                    "nodeType": "class",
                    "props": Object {
                      "children": 60,
                      "padding": "none",
                    },
                    "ref": null,
                    "rendered": 60,
                    "type": [Function],
                  },
                  Object {
                    "instance": null,
                    "key": undefined,
                    "nodeType": "class",
                    "props": Object {
                      "children": 70,
                      "padding": "none",
                    },
                    "ref": null,
                    "rendered": 70,
                    "type": [Function],
                  },
                  Object {
                    "instance": null,
                    "key": undefined,
                    "nodeType": "class",
                    "props": Object {
                      "children": "+80",
                      "padding": "none",
                    },
                    "ref": null,
                    "rendered": "+80",
                    "type": [Function],
                  },
                  Object {
                    "instance": null,
                    "key": undefined,
                    "nodeType": "class",
                    "props": Object {
                      "children": 90,
                      "padding": "none",
                    },
                    "ref": null,
                    "rendered": 90,
                    "type": [Function],
                  },
                ],
                "type": [Function],
              },
            ],
            "type": [Function],
          },
        ],
        "type": [Function],
      },
      "type": "div",
    },
  ],
  Symbol(enzyme.__options__): Object {
    "adapter": ReactSixteenAdapter {
      "options": Object {
        "enableComponentDidUpdateOnSetState": true,
      },
    },
  },
}
`;
